Component: ARM Compiler 5.06 update 7 (build 960) Tool: armlink [4d3601]

==============================================================================

Section Cross References

    startup_stm32f103xe.o(STACK) refers (Special) to heapauxi.o(.text) for __use_two_region_memory
    startup_stm32f103xe.o(HEAP) refers (Special) to heapauxi.o(.text) for __use_two_region_memory
    startup_stm32f103xe.o(RESET) refers (Special) to heapauxi.o(.text) for __use_two_region_memory
    startup_stm32f103xe.o(RESET) refers to startup_stm32f103xe.o(STACK) for __initial_sp
    startup_stm32f103xe.o(RESET) refers to startup_stm32f103xe.o(.text) for Reset_Handler
    startup_stm32f103xe.o(RESET) refers to stm32f1xx_it.o(i.NMI_Handler) for NMI_Handler
    startup_stm32f103xe.o(RESET) refers to stm32f1xx_it.o(i.HardFault_Handler) for HardFault_Handler
    startup_stm32f103xe.o(RESET) refers to stm32f1xx_it.o(i.MemManage_Handler) for MemManage_Handler
    startup_stm32f103xe.o(RESET) refers to stm32f1xx_it.o(i.BusFault_Handler) for BusFault_Handler
    startup_stm32f103xe.o(RESET) refers to stm32f1xx_it.o(i.UsageFault_Handler) for UsageFault_Handler
    startup_stm32f103xe.o(RESET) refers to stm32f1xx_it.o(i.SVC_Handler) for SVC_Handler
    startup_stm32f103xe.o(RESET) refers to stm32f1xx_it.o(i.DebugMon_Handler) for DebugMon_Handler
    startup_stm32f103xe.o(RESET) refers to stm32f1xx_it.o(i.PendSV_Handler) for PendSV_Handler
    startup_stm32f103xe.o(RESET) refers to stm32f1xx_it.o(i.SysTick_Handler) for SysTick_Handler
    startup_stm32f103xe.o(RESET) refers to stm32f1xx_it.o(i.EXTI9_5_IRQHandler) for EXTI9_5_IRQHandler
    startup_stm32f103xe.o(RESET) refers to stm32f1xx_it.o(i.TIM1_BRK_IRQHandler) for TIM1_BRK_IRQHandler
    startup_stm32f103xe.o(RESET) refers to stm32f1xx_it.o(i.TIM2_IRQHandler) for TIM2_IRQHandler
    startup_stm32f103xe.o(RESET) refers to stm32f1xx_it.o(i.USART1_IRQHandler) for USART1_IRQHandler
    startup_stm32f103xe.o(RESET) refers to stm32f1xx_it.o(i.USART2_IRQHandler) for USART2_IRQHandler
    startup_stm32f103xe.o(RESET) refers to stm32f1xx_it.o(i.TIM8_BRK_IRQHandler) for TIM8_BRK_IRQHandler
    startup_stm32f103xe.o(RESET) refers to stm32f1xx_it.o(i.TIM8_UP_IRQHandler) for TIM8_UP_IRQHandler
    startup_stm32f103xe.o(RESET) refers to stm32f1xx_it.o(i.TIM8_TRG_COM_IRQHandler) for TIM8_TRG_COM_IRQHandler
    startup_stm32f103xe.o(RESET) refers to stm32f1xx_it.o(i.TIM8_CC_IRQHandler) for TIM8_CC_IRQHandler
    startup_stm32f103xe.o(.text) refers (Special) to heapauxi.o(.text) for __use_two_region_memory
    startup_stm32f103xe.o(.text) refers to system_stm32f1xx.o(i.SystemInit) for SystemInit
    startup_stm32f103xe.o(.text) refers to __main.o(!!!main) for __main
    startup_stm32f103xe.o(.text) refers to startup_stm32f103xe.o(HEAP) for Heap_Mem
    startup_stm32f103xe.o(.text) refers to startup_stm32f103xe.o(STACK) for Stack_Mem
    lobotservocontroller.o(i.getBatteryVoltage) refers to usart.o(i.uartWriteBuf) for uartWriteBuf
    lobotservocontroller.o(i.getBatteryVoltage) refers to lobotservocontroller.o(.bss) for .bss
    lobotservocontroller.o(i.moveServo) refers to usart.o(i.uartWriteBuf) for uartWriteBuf
    lobotservocontroller.o(i.moveServo) refers to lobotservocontroller.o(.bss) for .bss
    lobotservocontroller.o(i.moveServos) refers to usart.o(i.uartWriteBuf) for uartWriteBuf
    lobotservocontroller.o(i.moveServos) refers to lobotservocontroller.o(.bss) for .bss
    lobotservocontroller.o(i.moveServosByArray) refers to usart.o(i.uartWriteBuf) for uartWriteBuf
    lobotservocontroller.o(i.moveServosByArray) refers to lobotservocontroller.o(.bss) for .bss
    lobotservocontroller.o(i.receiveHandle) refers to usart.o(.data) for isUartRxCompleted
    lobotservocontroller.o(i.receiveHandle) refers to lobotservocontroller.o(.bss) for .bss
    lobotservocontroller.o(i.receiveHandle) refers to lobotservocontroller.o(.data) for .data
    lobotservocontroller.o(i.runActionGroup) refers to usart.o(i.uartWriteBuf) for uartWriteBuf
    lobotservocontroller.o(i.runActionGroup) refers to lobotservocontroller.o(.bss) for .bss
    lobotservocontroller.o(i.setActionGroupSpeed) refers to usart.o(i.uartWriteBuf) for uartWriteBuf
    lobotservocontroller.o(i.setActionGroupSpeed) refers to lobotservocontroller.o(.bss) for .bss
    lobotservocontroller.o(i.setAllActionGroupSpeed) refers to lobotservocontroller.o(i.setActionGroupSpeed) for setActionGroupSpeed
    lobotservocontroller.o(i.stopActionGroup) refers to usart.o(i.uartWriteBuf) for uartWriteBuf
    lobotservocontroller.o(i.stopActionGroup) refers to lobotservocontroller.o(.bss) for .bss
    tjc_usart_hmi.o(i.HAL_UART_RxCpltCallback) refers to tjc_usart_hmi.o(i.writeRingBuff) for writeRingBuff
    tjc_usart_hmi.o(i.HAL_UART_RxCpltCallback) refers to stm32f1xx_hal_uart.o(i.HAL_UART_Receive_IT) for HAL_UART_Receive_IT
    tjc_usart_hmi.o(i.HAL_UART_RxCpltCallback) refers to tjc_usart_hmi.o(.data) for .data
[...]
    x$fpl$fnaninf                            0x08005206   Section      140  fnaninf.o(x$fpl$fnaninf)
    x$fpl$fretinf                            0x08005292   Section       10  fretinf.o(x$fpl$fretinf)
    x$fpl$frleqf                             0x0800529c   Section       98  frleqf.o(x$fpl$frleqf)
    x$fpl$printf1                            0x080052fe   Section        4  printf1.o(x$fpl$printf1)
    x$fpl$printf2                            0x08005302   Section        4  printf2.o(x$fpl$printf2)
    .constdata                               0x08005306   Section       18  stm32f1xx_hal_rcc.o(.constdata)
    x$fpl$usenofp                            0x08005306   Section        0  usenofp.o(x$fpl$usenofp)
    aPredivFactorTable                       0x08005306   Data           2  stm32f1xx_hal_rcc.o(.constdata)
    aPLLMULFactorTable                       0x08005308   Data          16  stm32f1xx_hal_rcc.o(.constdata)
    .constdata                               0x08005318   Section       16  system_stm32f1xx.o(.constdata)
    .constdata                               0x08005328   Section        8  system_stm32f1xx.o(.constdata)
    .constdata                               0x08005330   Section       40  _printf_hex_int_ll_ptr.o(.constdata)
    uc_hextab                                0x08005330   Data          20  _printf_hex_int_ll_ptr.o(.constdata)
    lc_hextab                                0x08005344   Data          20  _printf_hex_int_ll_ptr.o(.constdata)
    .constdata                               0x08005358   Section       17  __printf_flags_ss_wp.o(.constdata)
    maptable                                 0x08005358   Data          17  __printf_flags_ss_wp.o(.constdata)
    .constdata                               0x0800536c   Section        8  _printf_wctomb.o(.constdata)
    initial_mbstate                          0x0800536c   Data           8  _printf_wctomb.o(.constdata)
    .constdata                               0x08005374   Section       38  _printf_fp_hex.o(.constdata)
    lc_hextab                                0x08005374   Data          19  _printf_fp_hex.o(.constdata)
    uc_hextab                                0x08005387   Data          19  _printf_fp_hex.o(.constdata)
    .constdata                               0x0800539c   Section      148  bigflt0.o(.constdata)
    tenpwrs_x                                0x0800539c   Data          60  bigflt0.o(.constdata)
    tenpwrs_i                                0x080053d8   Data          64  bigflt0.o(.constdata)
    locale$$data                             0x08005450   Section      272  lc_ctype_c.o(locale$$data)
    __lcctype_c_name                         0x08005454   Data           2  lc_ctype_c.o(locale$$data)
    __lcctype_c_start                        0x0800545c   Data           0  lc_ctype_c.o(locale$$data)
    locale$$data                             0x08005560   Section       28  lc_numeric_c.o(locale$$data)
    __lcctype_c_end                          0x08005560   Data           0  lc_ctype_c.o(locale$$data)
    __lcnum_c_name                           0x08005564   Data           2  lc_numeric_c.o(locale$$data)
    __lcnum_c_start                          0x0800556c   Data           0  lc_numeric_c.o(locale$$data)
    __lcnum_c_point                          0x08005578   Data           0  lc_numeric_c.o(locale$$data)
    __lcnum_c_thousands                      0x0800557a   Data           0  lc_numeric_c.o(locale$$data)
    __lcnum_c_grouping                       0x0800557b   Data           0  lc_numeric_c.o(locale$$data)
    __lcnum_c_end                            0x0800557c   Data           0  lc_numeric_c.o(locale$$data)
    .data                                    0x20000000   Section       36  tjc_usart_hmi.o(.data)
    .data                                    0x20000024   Section        2  tjc_usart_hmi.o(.data)
    .data                                    0x20000028   Section        4  tjc_usart_hmi.o(.data)
    .data                                    0x2000002c   Section       12  stm32f1xx_hal.o(.data)
    .data                                    0x20000038   Section        4  system_stm32f1xx.o(.data)
    .bss                                     0x2000003c   Section      144  lobotservocontroller.o(.bss)
    .bss                                     0x200000cc   Section      506  tjc_usart_hmi.o(.bss)
    .bss                                     0x200002c8   Section      216  tim.o(.bss)
    .bss                                     0x200003a0   Section      144  usart.o(.bss)
    .bss                                     0x20000430   Section       96  libspace.o(.bss)
    HEAP                                     0x20000490   Section      512  startup_stm32f103xe.o(HEAP)
    Heap_Mem                                 0x20000490   Data         512  startup_stm32f103xe.o(HEAP)
    STACK                                    0x20000690   Section     1024  startup_stm32f103xe.o(STACK)
    Stack_Mem                                0x20000690   Data        1024  startup_stm32f103xe.o(STACK)
    __initial_sp                             0x20000a90   Data           0  startup_stm32f103xe.o(STACK)

    Global Symbols

    Symbol Name                              Value     Ov Type        Size  Object(Section)

    BuildAttributes$$THM_ISAv4$P$D$K$B$S$PE$A:L22UL41UL21$X:L11$S22US41US21$IEEE1$IW$USESV6$~STKCKD$USESV7$~SHL$OTIME$ROPI$IEEEJ$EBA8$UX$STANDARDLIB$REQ8$PRES8$EABIv2 0x00000000   Number         0  anon$$obj.o ABSOLUTE
    __ARM_use_no_argv                        0x00000000   Number         0  main.o ABSOLUTE
    _printf_flags                            0x00000000   Number         0  printf_stubs.o ABSOLUTE
    _printf_return_value                     0x00000000   Number         0  printf_stubs.o ABSOLUTE
    _printf_sizespec                         0x00000000   Number         0  printf_stubs.o ABSOLUTE
    _printf_widthprec                        0x00000000   Number         0  printf_stubs.o ABSOLUTE
    __ARM_exceptions_init                     - Undefined Weak Reference
    __alloca_initialize                       - Undefined Weak Reference
    __arm_fini_                               - Undefined Weak Reference
    __arm_preinit_                            - Undefined Weak Reference
    __cpp_initialize__aeabi_                  - Undefined Weak Reference
    __cxa_finalize                            - Undefined Weak Reference
    __sigvec_lookup                           - Undefined Weak Reference
    _atexit_init                              - Undefined Weak Reference
    _call_atexit_fns                          - Undefined Weak Reference
    _clock_init                               - Undefined Weak Reference
    _fp_trap_init                             - Undefined Weak Reference
    _fp_trap_shutdown                         - Undefined Weak Reference
    _get_lc_collate                           - Undefined Weak Reference
    _get_lc_monetary                          - Undefined Weak Reference
    _get_lc_time                              - Undefined Weak Reference
    _getenv_init                              - Undefined Weak Reference
    _handle_redirection                       - Undefined Weak Reference
    _init_alloc                               - Undefined Weak Reference
    _init_user_alloc                          - Undefined Weak Reference
    _initio                                   - Undefined Weak Reference
    _printf_mbtowc                            - Undefined Weak Reference
    _printf_wc                                - Undefined Weak Reference
    _rand_init                                - Undefined Weak Reference
    _signal_finish                            - Undefined Weak Reference
    _signal_init                              - Undefined Weak Reference
    _terminate_alloc                          - Undefined Weak Reference
    _terminate_user_alloc                     - Undefined Weak Reference
    _terminateio                              - Undefined Weak Reference
    __Vectors_Size                           0x00000130   Number         0  startup_stm32f103xe.o ABSOLUTE
    __Vectors                                0x08000000   Data           4  startup_stm32f103xe.o(RESET)
    __Vectors_End                            0x08000130   Data           0  startup_stm32f103xe.o(RESET)
    __main                                   0x08000131   Thumb Code     8  __main.o(!!!main)
    __scatterload                            0x08000139   Thumb Code     0  __scatter.o(!!!scatter)
    __scatterload_rt2                        0x08000139   Thumb Code    44  __scatter.o(!!!scatter)
    __scatterload_rt2_thumb_only             0x08000139   Thumb Code     0  __scatter.o(!!!scatter)
    __scatterload_null                       0x08000147   Thumb Code     0  __scatter.o(!!!scatter)
    __scatterload_copy                       0x0800016d   Thumb Code    26  __scatter_copy.o(!!handler_copy)
    __scatterload_zeroinit                   0x08000189   Thumb Code    28  __scatter_zi.o(!!handler_zi)
    _printf_n                                0x080001a5   Thumb Code     0  _printf_n.o(.ARM.Collect$$_printf_percent$$00000001)
    _printf_percent                          0x080001a5   Thumb Code     0  _printf_percent.o(.ARM.Collect$$_printf_percent$$00000000)
    _printf_p                                0x080001ab   Thumb Code     0  _printf_p.o(.ARM.Collect$$_printf_percent$$00000002)
    _printf_f                                0x080001b1   Thumb Code     0  _printf_f.o(.ARM.Collect$$_printf_percent$$00000003)
    _printf_e                                0x080001b7   Thumb Code     0  _printf_e.o(.ARM.Collect$$_printf_percent$$00000004)
    _printf_g                                0x080001bd   Thumb Code     0  _printf_g.o(.ARM.Collect$$_printf_percent$$00000005)
    _printf_a                                0x080001c3   Thumb Code     0  _printf_a.o(.ARM.Collect$$_printf_percent$$00000006)
    _printf_ll                               0x080001c9   Thumb Code     0  _printf_ll.o(.ARM.Collect$$_printf_percent$$00000007)
    _printf_i                                0x080001d3   Thumb Code     0  _printf_i.o(.ARM.Collect$$_printf_percent$$00000008)
    _printf_d                                0x080001d9   Thumb Code     0  _printf_d.o(.ARM.Collect$$_printf_percent$$00000009)
    _printf_u                                0x080001df   Thumb Code     0  _printf_u.o(.ARM.Collect$$_printf_percent$$0000000A)
    _printf_o                                0x080001e5   Thumb Code     0  _printf_o.o(.ARM.Collect$$_printf_percent$$0000000B)
    _printf_x                                0x080001eb   Thumb Code     0  _printf_x.o(.ARM.Collect$$_printf_percent$$0000000C)
    _printf_lli                              0x080001f1   Thumb Code     0  _printf_lli.o(.ARM.Collect$$_printf_percent$$0000000D)
    _printf_lld                              0x080001f7   Thumb Code     0  _printf_lld.o(.ARM.Collect$$_printf_percent$$0000000E)
    _printf_llu                              0x080001fd   Thumb Code     0  _printf_llu.o(.ARM.Collect$$_printf_percent$$0000000F)
    _printf_llo                              0x08000203   Thumb Code     0  _printf_llo.o(.ARM.Collect$$_printf_percent$$00000010)
    _printf_llx                              0x08000209   Thumb Code     0  _printf_llx.o(.ARM.Collect$$_printf_percent$$00000011)
    _printf_l                                0x0800020f   Thumb Code     0  _printf_l.o(.ARM.Collect$$_printf_percent$$00000012)
    _printf_c                                0x08000219   Thumb Code     0  _printf_c.o(.ARM.Collect$$_printf_percent$$00000013)
    _printf_s                                0x0800021f   Thumb Code     0  _printf_s.o(.ARM.Collect$$_printf_percent$$00000014)
    _printf_lc                               0x08000225   Thumb Code     0  _printf_lc.o(.ARM.Collect$$_printf_percent$$00000015)
    _printf_ls                               0x0800022b   Thumb Code     0  _printf_ls.o(.ARM.Collect$$_printf_percent$$00000016)
    _printf_percent_end                      0x08000231   Thumb Code     0  _printf_percent_end.o(.ARM.Collect$$_printf_percent$$00000017)
    __rt_lib_init                            0x08000235   Thumb Code     0  libinit.o(.ARM.Collect$$libinit$$00000000)
    __rt_lib_init_fp_1                       0x08000237   Thumb Code     0  libinit2.o(.ARM.Collect$$libinit$$00000002)
    __rt_lib_init_heap_1                     0x08000237   Thumb Code     0  libinit2.o(.ARM.Collect$$libinit$$0000000A)
    __rt_lib_init_lc_common                  0x08000237   Thumb Code     0  libinit2.o(.ARM.Collect$$libinit$$0000000F)
    __rt_lib_init_preinit_1                  0x08000237   Thumb Code     0  libinit2.o(.ARM.Collect$$libinit$$00000004)
    __rt_lib_init_rand_1                     0x08000237   Thumb Code     0  libinit2.o(.ARM.Collect$$libinit$$0000000E)
    __rt_lib_init_user_alloc_1               0x08000237   Thumb Code     0  libinit2.o(.ARM.Collect$$libinit$$0000000C)
    __rt_lib_init_lc_collate_1               0x0800023d   Thumb Code     0  libinit2.o(.ARM.Collect$$libinit$$00000011)
    __rt_lib_init_lc_ctype_2                 0x0800023d   Thumb Code     0  libinit2.o(.ARM.Collect$$libinit$$00000012)
    __rt_lib_init_lc_ctype_1                 0x08000249   Thumb Code     0  libinit2.o(.ARM.Collect$$libinit$$00000013)
    __rt_lib_init_lc_monetary_1              0x08000249   Thumb Code     0  libinit2.o(.ARM.Collect$$libinit$$00000015)
    __rt_lib_init_lc_numeric_2               0x08000249   Thumb Code     0  libinit2.o(.ARM.Collect$$libinit$$00000016)
    __rt_lib_init_alloca_1                   0x08000253   Thumb Code     0  libinit2.o(.ARM.Collect$$libinit$$0000002E)
    __rt_lib_init_argv_1                     0x08000253   Thumb Code     0  libinit2.o(.ARM.Collect$$libinit$$0000002C)
    __rt_lib_init_atexit_1                   0x08000253   Thumb Code     0  libinit2.o(.ARM.Collect$$libinit$$0000001B)
    __rt_lib_init_clock_1                    0x08000253   Thumb Code     0  libinit2.o(.ARM.Collect$$libinit$$00000021)
    __rt_lib_init_cpp_1                      0x08000253   Thumb Code     0  libinit2.o(.ARM.Collect$$libinit$$00000032)
    __rt_lib_init_exceptions_1               0x08000253   Thumb Code     0  libinit2.o(.ARM.Collect$$libinit$$00000030)
    __rt_lib_init_fp_trap_1                  0x08000253   Thumb Code     0  libinit2.o(.ARM.Collect$$libinit$$0000001F)
    __rt_lib_init_getenv_1                   0x08000253   Thumb Code     0  libinit2.o(.ARM.Collect$$libinit$$00000023)
    __rt_lib_init_lc_numeric_1               0x08000253   Thumb Code     0  libinit2.o(.ARM.Collect$$libinit$$00000017)
    __rt_lib_init_lc_time_1                  0x08000253   Thumb Code     0  libinit2.o(.ARM.Collect$$libinit$$00000019)
    __rt_lib_init_return                     0x08000253   Thumb Code     0  libinit2.o(.ARM.Collect$$libinit$$00000033)
    __rt_lib_init_signal_1                   0x08000253   Thumb Code     0  libinit2.o(.ARM.Collect$$libinit$$0000001D)
    __rt_lib_init_stdio_1                    0x08000253   Thumb Code     0  libinit2.o(.ARM.Collect$$libinit$$00000025)
    __rt_lib_shutdown                        0x08000255   Thumb Code     0  libshutdown.o(.ARM.Collect$$libshutdown$$00000000)
    __rt_lib_shutdown_cpp_1                  0x08000257   Thumb Code     0  libshutdown2.o(.ARM.Collect$$libshutdown$$00000004)
    __rt_lib_shutdown_fini_1                 0x08000257   Thumb Code     0  libshutdown2.o(.ARM.Collect$$libshutdown$$00000002)
    __rt_lib_shutdown_fp_trap_1              0x08000257   Thumb Code     0  libshutdown2.o(.ARM.Collect$$libshutdown$$00000009)
    __rt_lib_shutdown_heap_1                 0x08000257   Thumb Code     0  libshutdown2.o(.ARM.Collect$$libshutdown$$00000011)
    __rt_lib_shutdown_return                 0x08000257   Thumb Code     0  libshutdown2.o(.ARM.Collect$$libshutdown$$00000012)
    __rt_lib_shutdown_signal_1               0x08000257   Thumb Code     0  libshutdown2.o(.ARM.Collect$$libshutdown$$0000000C)
    __rt_lib_shutdown_stdio_1                0x08000257   Thumb Code     0  libshutdown2.o(.ARM.Collect$$libshutdown$$00000006)
    __rt_lib_shutdown_user_alloc_1           0x08000257   Thumb Code     0  libshutdown2.o(.ARM.Collect$$libshutdown$$0000000E)
    __rt_entry                               0x08000259   Thumb Code     0  __rtentry.o(.ARM.Collect$$rtentry$$00000000)
    __rt_entry_presh_1                       0x08000259   Thumb Code     0  __rtentry2.o(.ARM.Collect$$rtentry$$00000002)
    __rt_entry_sh                            0x08000259   Thumb Code     0  __rtentry4.o(.ARM.Collect$$rtentry$$00000004)
    __rt_entry_li                            0x0800025f   Thumb Code     0  __rtentry2.o(.ARM.Collect$$rtentry$$0000000A)
    __rt_entry_postsh_1                      0x0800025f   Thumb Code     0  __rtentry2.o(.ARM.Collect$$rtentry$$00000009)
    __rt_entry_main                          0x08000263   Thumb Code     0  __rtentry2.o(.ARM.Collect$$rtentry$$0000000D)
    __rt_entry_postli_1                      0x08000263   Thumb Code     0  __rtentry2.o(.ARM.Collect$$rtentry$$0000000C)
    __rt_exit                                0x0800026b   Thumb Code     0  rtexit.o(.ARM.Collect$$rtexit$$00000000)
    __rt_exit_ls                             0x0800026d   Thumb Code     0  rtexit2.o(.ARM.Collect$$rtexit$$00000003)
    __rt_exit_prels_1                        0x0800026d   Thumb Code     0  rtexit2.o(.ARM.Collect$$rtexit$$00000002)
    __rt_exit_exit                           0x08000271   Thumb Code     0  rtexit2.o(.ARM.Collect$$rtexit$$00000004)
    Reset_Handler                            0x08000279   Thumb Code     8  startup_stm32f103xe.o(.text)
    ADC1_2_IRQHandler                        0x08000293   Thumb Code     0  startup_stm32f103xe.o(.text)
    ADC3_IRQHandler                          0x08000293   Thumb Code     0  startup_stm32f103xe.o(.text)
    CAN1_RX1_IRQHandler                      0x08000293   Thumb Code     0  startup_stm32f103xe.o(.text)
    CAN1_SCE_IRQHandler                      0x08000293   Thumb Code     0  startup_stm32f103xe.o(.text)
    DMA1_Channel1_IRQHandler                 0x08000293   Thumb Code     0  startup_stm32f103xe.o(.text)
    DMA1_Channel2_IRQHandler                 0x08000293   Thumb Code     0  startup_stm32f103xe.o(.text)
    DMA1_Channel3_IRQHandler                 0x08000293   Thumb Code     0  startup_stm32f103xe.o(.text)
    DMA1_Channel4_IRQHandler                 0x08000293   Thumb Code     0  startup_stm32f103xe.o(.text)
    DMA1_Channel5_IRQHandler                 0x08000293   Thumb Code     0  startup_stm32f103xe.o(.text)
    DMA1_Channel6_IRQHandler                 0x08000293   Thumb Code     0  startup_stm32f103xe.o(.text)
    DMA1_Channel7_IRQHandler                 0x08000293   Thumb Code     0  startup_stm32f103xe.o(.text)
    DMA2_Channel1_IRQHandler                 0x08000293   Thumb Code     0  startup_stm32f103xe.o(.text)
    DMA2_Channel2_IRQHandler                 0x08000293   Thumb Code     0  startup_stm32f103xe.o(.text)
    DMA2_Channel3_IRQHandler                 0x08000293   Thumb Code     0  startup_stm32f103xe.o(.text)
    DMA2_Channel4_5_IRQHandler               0x08000293   Thumb Code     0  startup_stm32f103xe.o(.text)
    EXTI0_IRQHandler                         0x08000293   Thumb Code     0  startup_stm32f103xe.o(.text)
    EXTI15_10_IRQHandler                     0x08000293   Thumb Code     0  startup_stm32f103xe.o(.text)
    EXTI1_IRQHandler                         0x08000293   Thumb Code     0  startup_stm32f103xe.o(.text)
    EXTI2_IRQHandler                         0x08000293   Thumb Code     0  startup_stm32f103xe.o(.text)
    EXTI3_IRQHandler                         0x08000293   Thumb Code     0  startup_stm32f103xe.o(.text)
    EXTI4_IRQHandler                         0x08000293   Thumb Code     0  startup_stm32f103xe.o(.text)
    FLASH_IRQHandler                         0x08000293   Thumb Code     0  startup_stm32f103xe.o(.text)
    FSMC_IRQHandler                          0x08000293   Thumb Code     0  startup_stm32f103xe.o(.text)
    I2C1_ER_IRQHandler                       0x08000293   Thumb Code     0  startup_stm32f103xe.o(.text)
    I2C1_EV_IRQHandler                       0x08000293   Thumb Code     0  startup_stm32f103xe.o(.text)
    I2C2_ER_IRQHandler                       0x08000293   Thumb Code     0  startup_stm32f103xe.o(.text)
    I2C2_EV_IRQHandler                       0x08000293   Thumb Code     0  startup_stm32f103xe.o(.text)
    PVD_IRQHandler                           0x08000293   Thumb Code     0  startup_stm32f103xe.o(.text)
    RCC_IRQHandler                           0x08000293   Thumb Code     0  startup_stm32f103xe.o(.text)
    RTC_Alarm_IRQHandler                     0x08000293   Thumb Code     0  startup_stm32f103xe.o(.text)
    RTC_IRQHandler                           0x08000293   Thumb Code     0  startup_stm32f103xe.o(.text)
    SDIO_IRQHandler                          0x08000293   Thumb Code     0  startup_stm32f103xe.o(.text)
    SPI1_IRQHandler                          0x08000293   Thumb Code     0  startup_stm32f103xe.o(.text)
    SPI2_IRQHandler                          0x08000293   Thumb Code     0  startup_stm32f103xe.o(.text)
    SPI3_IRQHandler                          0x08000293   Thumb Code     0  startup_stm32f103xe.o(.text)
    TAMPER_IRQHandler                        0x08000293   Thumb Code     0  startup_stm32f103xe.o(.text)
    TIM1_CC_IRQHandler                       0x08000293   Thumb Code     0  startup_stm32f103xe.o(.text)
    TIM1_TRG_COM_IRQHandler                  0x08000293   Thumb Code     0  startup_stm32f103xe.o(.text)
    TIM1_UP_IRQHandler                       0x08000293   Thumb Code     0  startup_stm32f103xe.o(.text)
    TIM3_IRQHandler                          0x08000293   Thumb Code     0  startup_stm32f103xe.o(.text)
    TIM4_IRQHandler                          0x08000293   Thumb Code     0  startup_stm32f103xe.o(.text)
    TIM5_IRQHandler                          0x08000293   Thumb Code     0  startup_stm32f103xe.o(.text)
    TIM6_IRQHandler                          0x08000293   Thumb Code     0  startup_stm32f103xe.o(.text)
    TIM7_IRQHandler                          0x08000293   Thumb Code     0  startup_stm32f103xe.o(.text)
    UART4_IRQHandler                         0x08000293   Thumb Code     0  startup_stm32f103xe.o(.text)
    UART5_IRQHandler                         0x08000293   Thumb Code     0  startup_stm32f103xe.o(.text)
    USART3_IRQHandler                        0x08000293   Thumb Code     0  startup_stm32f103xe.o(.text)
    USBWakeUp_IRQHandler                     0x08000293   Thumb Code     0  startup_stm32f103xe.o(.text)
    USB_HP_CAN1_TX_IRQHandler                0x08000293   Thumb Code     0  startup_stm32f103xe.o(.text)
    USB_LP_CAN1_RX0_IRQHandler               0x08000293   Thumb Code     0  startup_stm32f103xe.o(.text)
    WWDG_IRQHandler                          0x08000293   Thumb Code     0  startup_stm32f103xe.o(.text)
    __user_initial_stackheap                 0x08000295   Thumb Code     0  startup_stm32f103xe.o(.text)
    vsnprintf                                0x080002b9   Thumb Code    48  vsnprintf.o(.text)
    __2sprintf                               0x080002ed   Thumb Code    38  __2sprintf.o(.text)
    _printf_longlong_hex                     0x08000319   Thumb Code    86  _printf_hex_int_ll_ptr.o(.text)
    _printf_int_hex                          0x0800036f   Thumb Code    28  _printf_hex_int_ll_ptr.o(.text)
    _printf_ll_hex                           0x0800038b   Thumb Code    12  _printf_hex_int_ll_ptr.o(.text)
    _printf_hex_ptr                          0x08000397   Thumb Code    18  _printf_hex_int_ll_ptr.o(.text)
    __printf                                 0x080003ad   Thumb Code   388  __printf_flags_ss_wp.o(.text)
    strtol                                   0x08000535   Thumb Code   112  strtol.o(.text)
    strlen                                   0x080005a5   Thumb Code    62  strlen.o(.text)
    __aeabi_memclr4                          0x080005e3   Thumb Code     0  rt_memclr_w.o(.text)
    __aeabi_memclr8                          0x080005e3   Thumb Code     0  rt_memclr_w.o(.text)
    __rt_memclr_w                            0x080005e3   Thumb Code    78  rt_memclr_w.o(.text)
    _memset_w                                0x080005e7   Thumb Code     0  rt_memclr_w.o(.text)
    __use_two_region_memory                  0x08000631   Thumb Code     2  heapauxi.o(.text)
    __rt_heap_escrow$2region                 0x08000633   Thumb Code     2  heapauxi.o(.text)
    __rt_heap_expand$2region                 0x08000635   Thumb Code     2  heapauxi.o(.text)
    __rt_ctype_table                         0x08000639   Thumb Code    16  rt_ctype_table.o(.text)
    __aeabi_errno_addr                       0x08000649   Thumb Code     8  rt_errno_addr_intlibspace.o(.text)
    __errno$intlibspace                      0x08000649   Thumb Code     0  rt_errno_addr_intlibspace.o(.text)
    __rt_errno_addr$intlibspace              0x08000649   Thumb Code     0  rt_errno_addr_intlibspace.o(.text)
    _printf_pre_padding                      0x08000651   Thumb Code    44  _printf_pad.o(.text)
    _printf_post_padding                     0x0800067d   Thumb Code    34  _printf_pad.o(.text)
    _printf_truncate_signed                  0x0800069f   Thumb Code    18  _printf_truncate.o(.text)
    _printf_truncate_unsigned                0x080006b1   Thumb Code    18  _printf_truncate.o(.text)
    _printf_str                              0x080006c3   Thumb Code    82  _printf_str.o(.text)
    _printf_int_common                       0x08000715   Thumb Code   178  _printf_intcommon.o(.text)
    _printf_int_dec                          0x080007c9   Thumb Code   104  _printf_dec.o(.text)
    _printf_charcount                        0x08000841   Thumb Code    40  _printf_charcount.o(.text)
    _printf_char_common                      0x08000873   Thumb Code    32  _printf_char_common.o(.text)
    _sputc                                   0x08000899   Thumb Code    10  _sputc.o(.text)
    _snputc                                  0x080008a3   Thumb Code    16  _snputc.o(.text)
    _printf_wctomb                           0x080008b5   Thumb Code   182  _printf_wctomb.o(.text)
    _printf_longlong_dec                     0x08000971   Thumb Code   108  _printf_longlong_dec.o(.text)
    _printf_longlong_oct                     0x080009ed   Thumb Code    66  _printf_oct_int_ll.o(.text)
    _printf_int_oct                          0x08000a2f   Thumb Code    24  _printf_oct_int_ll.o(.text)
    _printf_ll_oct                           0x08000a47   Thumb Code    12  _printf_oct_int_ll.o(.text)
    _strtoul                                 0x08000a5d   Thumb Code   158  _strtoul.o(.text)
    __user_libspace                          0x08000afd   Thumb Code     8  libspace.o(.text)
    __user_perproc_libspace                  0x08000afd   Thumb Code     0  libspace.o(.text)
    __user_perthread_libspace                0x08000afd   Thumb Code     0  libspace.o(.text)
    __rt_locale                              0x08000b05   Thumb Code     8  rt_locale_intlibspace.o(.text)
    _ll_udiv10                               0x08000b0d   Thumb Code   138  lludiv10.o(.text)
    __lib_sel_fp_printf                      0x08000b97   Thumb Code     2  _printf_fp_dec.o(.text)
    _printf_fp_dec_real                      0x08000d49   Thumb Code   620  _printf_fp_dec.o(.text)
    _printf_fp_hex_real                      0x08000fb5   Thumb Code   756  _printf_fp_hex.o(.text)
    _printf_cs_common                        0x080012b1   Thumb Code    20  _printf_char.o(.text)
    _printf_char                             0x080012c5   Thumb Code    16  _printf_char.o(.text)
    _printf_string                           0x080012d5   Thumb Code     8  _printf_char.o(.text)
    _printf_lcs_common                       0x080012dd   Thumb Code    20  _printf_wchar.o(.text)
    _printf_wchar                            0x080012f1   Thumb Code    16  _printf_wchar.o(.text)
    _printf_wstring                          0x08001301   Thumb Code     8  _printf_wchar.o(.text)
    _chval                                   0x08001309   Thumb Code    28  _chval.o(.text)
    _wcrtomb                                 0x08001325   Thumb Code    64  _wcrtomb.o(.text)
    __user_setup_stackheap                   0x08001365   Thumb Code    74  sys_stackheap_outer.o(.text)
    _printf_fp_infnan                        0x080013b1   Thumb Code   112  _printf_fp_infnan.o(.text)
    _btod_etento                             0x08001431   Thumb Code   224  bigflt0.o(.text)
    exit                                     0x08001515   Thumb Code    18  exit.o(.text)
    strcmp                                   0x08001529   Thumb Code   128  strcmpv7m.o(.text)
    _sys_exit                                0x080015a9   Thumb Code     8  sys_exit.o(.text)
    __I$use$semihosting                      0x080015b5   Thumb Code     0  use_no_semi.o(.text)
    __use_no_semihosting_swi                 0x080015b5   Thumb Code     2  use_no_semi.o(.text)
    __semihosting_library_function           0x080015b7   Thumb Code     0  indicate_semi.o(.text)
    _btod_d2e                                0x080015b7   Thumb Code    62  btod.o(CL$$btod_d2e)
    _d2e_denorm_low                          0x080015f5   Thumb Code    70  btod.o(CL$$btod_d2e_denorm_low)
    _d2e_norm_op1                            0x0800163b   Thumb Code    96  btod.o(CL$$btod_d2e_norm_op1)
    __btod_div_common                        0x0800169b   Thumb Code   696  btod.o(CL$$btod_div_common)
    _e2e                                     0x080019d3   Thumb Code   220  btod.o(CL$$btod_e2e)
    _btod_ediv                               0x08001aaf   Thumb Code    42  btod.o(CL$$btod_ediv)
    _btod_emul                               0x08001ad9   Thumb Code    42  btod.o(CL$$btod_emul)
    __btod_mult_common                       0x08001b03   Thumb Code   580  btod.o(CL$$btod_mult_common)
    BusFault_Handler                         0x08001d47   Thumb Code     2  stm32f1xx_it.o(i.BusFault_Handler)
    DebugMon_Handler                         0x08001d49   Thumb Code     2  stm32f1xx_it.o(i.DebugMon_Handler)
    EXTI9_5_IRQHandler                       0x08001d4b   Thumb Code     6  stm32f1xx_it.o(i.EXTI9_5_IRQHandler)
    Error_Handler                            0x08001d51   Thumb Code     4  main.o(i.Error_Handler)
    HAL_DMA_Abort                            0x08001d55   Thumb Code    70  stm32f1xx_hal_dma.o(i.HAL_DMA_Abort)
    HAL_DMA_Abort_IT                         0x08001d9d   Thumb Code   296  stm32f1xx_hal_dma.o(i.HAL_DMA_Abort_IT)
    HAL_Delay                                0x08001ecd   Thumb Code    32  stm32f1xx_hal.o(i.HAL_Delay)
    HAL_GPIO_EXTI_Callback                   0x08001ef1   Thumb Code    32  key.o(i.HAL_GPIO_EXTI_Callback)
    HAL_GPIO_EXTI_IRQHandler                 0x08001f15   Thumb Code    18  stm32f1xx_hal_gpio.o(i.HAL_GPIO_EXTI_IRQHandler)
    HAL_GPIO_Init                            0x08001f2d   Thumb Code   462  stm32f1xx_hal_gpio.o(i.HAL_GPIO_Init)
    HAL_GPIO_TogglePin                       0x08002125   Thumb Code    16  stm32f1xx_hal_gpio.o(i.HAL_GPIO_TogglePin)
    HAL_GPIO_WritePin                        0x08002135   Thumb Code    10  stm32f1xx_hal_gpio.o(i.HAL_GPIO_WritePin)
    HAL_GetTick                              0x08002141   Thumb Code     6  stm32f1xx_hal.o(i.HAL_GetTick)
    HAL_IncTick                              0x0800214d   Thumb Code    12  stm32f1xx_hal.o(i.HAL_IncTick)
    HAL_Init                                 0x0800215d   Thumb Code    32  stm32f1xx_hal.o(i.HAL_Init)
    HAL_InitTick                             0x08002181   Thumb Code    54  stm32f1xx_hal.o(i.HAL_InitTick)
    HAL_MspInit                              0x080021c1   Thumb Code    52  stm32f1xx_hal_msp.o(i.HAL_MspInit)
    HAL_NVIC_DisableIRQ                      0x080021fd   Thumb Code    34  stm32f1xx_hal_cortex.o(i.HAL_NVIC_DisableIRQ)
    HAL_NVIC_EnableIRQ                       0x0800221f   Thumb Code    26  stm32f1xx_hal_cortex.o(i.HAL_NVIC_EnableIRQ)
    HAL_NVIC_SetPriority                     0x08002239   Thumb Code    60  stm32f1xx_hal_cortex.o(i.HAL_NVIC_SetPriority)
    HAL_NVIC_SetPriorityGrouping             0x08002279   Thumb Code    26  stm32f1xx_hal_cortex.o(i.HAL_NVIC_SetPriorityGrouping)
    HAL_PWR_EnableWakeUpPin                  0x0800229d   Thumb Code    22  stm32f1xx_hal_pwr.o(i.HAL_PWR_EnableWakeUpPin)
    HAL_PWR_EnterSTANDBYMode                 0x080022b9   Thumb Code    24  stm32f1xx_hal_pwr.o(i.HAL_PWR_EnterSTANDBYMode)
    HAL_RCC_ClockConfig                      0x080022d9   Thumb Code   280  stm32f1xx_hal_rcc.o(i.HAL_RCC_ClockConfig)
    HAL_RCC_GetPCLK1Freq                     0x08002405   Thumb Code    20  stm32f1xx_hal_rcc.o(i.HAL_RCC_GetPCLK1Freq)
    HAL_RCC_GetPCLK2Freq                     0x08002425   Thumb Code    20  stm32f1xx_hal_rcc.o(i.HAL_RCC_GetPCLK2Freq)
    HAL_RCC_GetSysClockFreq                  0x08002445   Thumb Code    58  stm32f1xx_hal_rcc.o(i.HAL_RCC_GetSysClockFreq)
    HAL_RCC_OscConfig                        0x08002491   Thumb Code   778  stm32f1xx_hal_rcc.o(i.HAL_RCC_OscConfig)
    HAL_SYSTICK_Config                       0x080027b1   Thumb Code    40  stm32f1xx_hal_cortex.o(i.HAL_SYSTICK_Config)
    HAL_TIMEx_BreakCallback                  0x080027d9   Thumb Code     2  stm32f1xx_hal_tim_ex.o(i.HAL_TIMEx_BreakCallback)
    HAL_TIMEx_CommutCallback                 0x080027db   Thumb Code     2  stm32f1xx_hal_tim_ex.o(i.HAL_TIMEx_CommutCallback)
    HAL_TIMEx_ConfigBreakDeadTime            0x080027dd   Thumb Code    84  stm32f1xx_hal_tim_ex.o(i.HAL_TIMEx_ConfigBreakDeadTime)
    HAL_TIMEx_MasterConfigSynchronization    0x08002831   Thumb Code   104  stm32f1xx_hal_tim_ex.o(i.HAL_TIMEx_MasterConfigSynchronization)
    HAL_TIM_Base_Init                        0x080028ad   Thumb Code    90  stm32f1xx_hal_tim.o(i.HAL_TIM_Base_Init)
    HAL_TIM_Base_MspInit                     0x08002909   Thumb Code   170  tim.o(i.HAL_TIM_Base_MspInit)
    HAL_TIM_Base_Start_IT                    0x080029c1   Thumb Code    88  stm32f1xx_hal_tim.o(i.HAL_TIM_Base_Start_IT)
    HAL_TIM_ConfigClockSource                0x08002a2d   Thumb Code   220  stm32f1xx_hal_tim.o(i.HAL_TIM_ConfigClockSource)
    HAL_TIM_IC_CaptureCallback               0x08002b09   Thumb Code     2  stm32f1xx_hal_tim.o(i.HAL_TIM_IC_CaptureCallback)
    HAL_TIM_IRQHandler                       0x08002b0b   Thumb Code   358  stm32f1xx_hal_tim.o(i.HAL_TIM_IRQHandler)
    HAL_TIM_MspPostInit                      0x08002c71   Thumb Code   198  tim.o(i.HAL_TIM_MspPostInit)
    HAL_TIM_OC_ConfigChannel                 0x08002d55   Thumb Code    82  stm32f1xx_hal_tim.o(i.HAL_TIM_OC_ConfigChannel)
    HAL_TIM_OC_DelayElapsedCallback          0x08002da7   Thumb Code     2  stm32f1xx_hal_tim.o(i.HAL_TIM_OC_DelayElapsedCallback)
    HAL_TIM_OC_Init                          0x08002da9   Thumb Code    90  stm32f1xx_hal_tim.o(i.HAL_TIM_OC_Init)
    HAL_TIM_OC_MspInit                       0x08002e03   Thumb Code     2  stm32f1xx_hal_tim.o(i.HAL_TIM_OC_MspInit)
    HAL_TIM_PWM_ConfigChannel                0x08002e05   Thumb Code   204  stm32f1xx_hal_tim.o(i.HAL_TIM_PWM_ConfigChannel)
    HAL_TIM_PWM_Init                         0x08002ed1   Thumb Code    90  stm32f1xx_hal_tim.o(i.HAL_TIM_PWM_Init)
    HAL_TIM_PWM_MspInit                      0x08002f2b   Thumb Code     2  stm32f1xx_hal_tim.o(i.HAL_TIM_PWM_MspInit)
    HAL_TIM_PWM_PulseFinishedCallback        0x08002f2d   Thumb Code     2  stm32f1xx_hal_tim.o(i.HAL_TIM_PWM_PulseFinishedCallback)
    HAL_TIM_PWM_Start                        0x08002f31   Thumb Code   160  stm32f1xx_hal_tim.o(i.HAL_TIM_PWM_Start)
    HAL_TIM_PeriodElapsedCallback            0x08002fe5   Thumb Code   202  encoder.o(i.HAL_TIM_PeriodElapsedCallback)
    HAL_TIM_TriggerCallback                  0x080030d9   Thumb Code     2  stm32f1xx_hal_tim.o(i.HAL_TIM_TriggerCallback)
    HAL_UARTEx_RxEventCallback               0x080030db   Thumb Code     2  stm32f1xx_hal_uart.o(i.HAL_UARTEx_RxEventCallback)
    HAL_UART_ErrorCallback                   0x080030dd   Thumb Code     2  stm32f1xx_hal_uart.o(i.HAL_UART_ErrorCallback)
    HAL_UART_IRQHandler                      0x080030e1   Thumb Code   616  stm32f1xx_hal_uart.o(i.HAL_UART_IRQHandler)
    HAL_UART_Init                            0x0800334d   Thumb Code   100  stm32f1xx_hal_uart.o(i.HAL_UART_Init)
    HAL_UART_MspInit                         0x080033b1   Thumb Code   198  usart.o(i.HAL_UART_MspInit)
    HAL_UART_Receive_IT                      0x08003489   Thumb Code    28  stm32f1xx_hal_uart.o(i.HAL_UART_Receive_IT)
    HAL_UART_RxCpltCallback                  0x080034a5   Thumb Code    36  tjc_usart_hmi.o(i.HAL_UART_RxCpltCallback)
    HAL_UART_Transmit_IT                     0x080034d5   Thumb Code    50  stm32f1xx_hal_uart.o(i.HAL_UART_Transmit_IT)
    HAL_UART_TxCpltCallback                  0x08003507   Thumb Code     2  stm32f1xx_hal_uart.o(i.HAL_UART_TxCpltCallback)
    HardFault_Handler                        0x08003509   Thumb Code     2  stm32f1xx_it.o(i.HardFault_Handler)
    MX_GPIO_Init                             0x0800350d   Thumb Code   270  gpio.o(i.MX_GPIO_Init)
    MX_TIM1_Init                             0x08003635   Thumb Code   208  tim.o(i.MX_TIM1_Init)
    MX_TIM2_Init                             0x0800370d   Thumb Code   208  tim.o(i.MX_TIM2_Init)
    MX_TIM8_Init                             0x080037e1   Thumb Code   242  tim.o(i.MX_TIM8_Init)
    MX_USART1_UART_Init                      0x080038dd   Thumb Code    48  usart.o(i.MX_USART1_UART_Init)
    MX_USART2_UART_Init                      0x08003915   Thumb Code    48  usart.o(i.MX_USART2_UART_Init)
    MemManage_Handler                        0x0800394d   Thumb Code     2  stm32f1xx_it.o(i.MemManage_Handler)
    NMI_Handler                              0x0800394f   Thumb Code     2  stm32f1xx_it.o(i.NMI_Handler)
    PendSV_Handler                           0x08003951   Thumb Code     2  stm32f1xx_it.o(i.PendSV_Handler)
    SVC_Handler                              0x08003953   Thumb Code     2  stm32f1xx_it.o(i.SVC_Handler)
    SYS_SLEEP                                0x08003955   Thumb Code    26  key.o(i.SYS_SLEEP)
    SysTick_Handler                          0x08003975   Thumb Code     4  stm32f1xx_it.o(i.SysTick_Handler)
    SystemClock_Config                       0x08003979   Thumb Code    94  main.o(i.SystemClock_Config)
    SystemInit                               0x080039d7   Thumb Code     2  system_stm32f1xx.o(i.SystemInit)
    TIM1_BRK_IRQHandler                      0x080039d9   Thumb Code     6  stm32f1xx_it.o(i.TIM1_BRK_IRQHandler)
    TIM2_IRQHandler                          0x080039e5   Thumb Code     6  stm32f1xx_it.o(i.TIM2_IRQHandler)
    TIM8_BRK_IRQHandler                      0x080039f1   Thumb Code     6  stm32f1xx_it.o(i.TIM8_BRK_IRQHandler)
    TIM8_CC_IRQHandler                       0x080039fd   Thumb Code     6  stm32f1xx_it.o(i.TIM8_CC_IRQHandler)
    TIM8_TRG_COM_IRQHandler                  0x08003a09   Thumb Code     6  stm32f1xx_it.o(i.TIM8_TRG_COM_IRQHandler)
    TIM8_UP_IRQHandler                       0x08003a15   Thumb Code     6  stm32f1xx_it.o(i.TIM8_UP_IRQHandler)
    TIM_Base_SetConfig                       0x08003a21   Thumb Code   120  stm32f1xx_hal_tim.o(i.TIM_Base_SetConfig)
    TIM_CCxChannelCmd                        0x08003aad   Thumb Code    26  stm32f1xx_hal_tim.o(i.TIM_CCxChannelCmd)
    TIM_ETR_SetConfig                        0x08003ac7   Thumb Code    20  stm32f1xx_hal_tim.o(i.TIM_ETR_SetConfig)
    TIM_OC2_SetConfig                        0x08003b4d   Thumb Code    98  stm32f1xx_hal_tim.o(i.TIM_OC2_SetConfig)
    TJCPrintf                                0x08003cb9   Thumb Code   136  tjc_usart_hmi.o(i.TJCPrintf)
    UART_Start_Receive_IT                    0x08003f1d   Thumb Code    54  stm32f1xx_hal_uart.o(i.UART_Start_Receive_IT)
    USART1_IRQHandler                        0x08003f55   Thumb Code     6  stm32f1xx_it.o(i.USART1_IRQHandler)
    USART2_IRQHandler                        0x08003f61   Thumb Code     6  stm32f1xx_it.o(i.USART2_IRQHandler)
    UsageFault_Handler                       0x08003f6d   Thumb Code     2  stm32f1xx_it.o(i.UsageFault_Handler)
    __ARM_fpclassify                         0x08003f6f   Thumb Code    40  fpclassify.o(i.__ARM_fpclassify)
    _is_digit                                0x08003fb7   Thumb Code    14  __printf_wp.o(i._is_digit)
    all                                      0x08003fc5   Thumb Code   142  fengzhuang.o(i.all)
    bianmayundong                            0x08004055   Thumb Code   166  fengzhuang.o(i.bianmayundong)
    bianmayundong_right                      0x08004101   Thumb Code    96  fengzhuang.o(i.bianmayundong_right)
    change                                   0x08004165   Thumb Code    24  tjc_usart_hmi.o(i.change)
    clamp_and_move_claw_forward              0x08004181   Thumb Code   116  fengzhuang.o(i.clamp_and_move_claw_forward)
    deleteRingBuff                           0x0800420d   Thumb Code    56  tjc_usart_hmi.o(i.deleteRingBuff)
    dianji_init                              0x08004249   Thumb Code    38  bujin.o(i.dianji_init)
    dianji_kongzhi1                          0x08004275   Thumb Code    10  bujin.o(i.dianji_kongzhi1)
    dianji_kongzhi2                          0x08004285   Thumb Code    10  bujin.o(i.dianji_kongzhi2)
    dianji_kongzhi3                          0x08004295   Thumb Code    10  bujin.o(i.dianji_kongzhi3)
    initRingBuff                             0x080042a5   Thumb Code    12  tjc_usart_hmi.o(i.initRingBuff)
    judge                                    0x080042b5   Thumb Code  1516  tjc_usart_hmi.o(i.judge)
    main                                     0x080048a9   Thumb Code   172  main.o(i.main)
    motor_init                               0x08004989   Thumb Code   124  fengzhuang.o(i.motor_init)
    moveServo                                0x08004a19   Thumb Code    58  lobotservocontroller.o(i.moveServo)
    read1BFromRingBuff                       0x08004a59   Thumb Code    24  tjc_usart_hmi.o(i.read1BFromRingBuff)
    release_and_move_claw_back               0x08004a75   Thumb Code    46  fengzhuang.o(i.release_and_move_claw_back)
    show                                     0x08004abd   Thumb Code    88  tjc_usart_hmi.o(i.show)
    uartWriteBuf                             0x08004b8d   Thumb Code    36  usart.o(i.uartWriteBuf)
    writeRingBuff                            0x08004bb9   Thumb Code    42  tjc_usart_hmi.o(i.writeRingBuff)
    yunmiao                                  0x08004be9   Thumb Code    30  fengzhuang.o(i.yunmiao)
    _get_lc_ctype                            0x08004c19   Thumb Code    44  lc_ctype_c.o(locale$$code)
    _get_lc_numeric                          0x08004c45   Thumb Code    44  lc_numeric_c.o(locale$$code)
    __aeabi_d2f                              0x08004c71   Thumb Code     0  d2f.o(x$fpl$d2f)
    _d2f                                     0x08004c71   Thumb Code    98  d2f.o(x$fpl$d2f)
    __aeabi_ddiv                             0x08004cd5   Thumb Code     0  ddiv.o(x$fpl$ddiv)
    _ddiv                                    0x08004cd5   Thumb Code   552  ddiv.o(x$fpl$ddiv)
    __aeabi_i2d                              0x08004f85   Thumb Code     0  dflt_clz.o(x$fpl$dflt)
    _dflt                                    0x08004f85   Thumb Code    46  dflt_clz.o(x$fpl$dflt)
    __fpl_dnaninf                            0x08004fb3   Thumb Code   156  dnaninf.o(x$fpl$dnaninf)
    __fpl_dretinf                            0x0800504f   Thumb Code    12  dretinf.o(x$fpl$dretinf)
    __fpl_fcmp_Inf                           0x0800505b   Thumb Code    24  fcmpi.o(x$fpl$fcmpinf)
    __aeabi_ui2f                             0x08005075   Thumb Code     0  fflt_clz.o(x$fpl$ffltu)
    _ffltu                                   0x08005075   Thumb Code    38  fflt_clz.o(x$fpl$ffltu)
    __aeabi_cfcmple                          0x0800509d   Thumb Code     0  fleqf.o(x$fpl$fleqf)
    _fcmple                                  0x0800509d   Thumb Code   104  fleqf.o(x$fpl$fleqf)
    __fpl_fcmple_InfNaN                      0x080050ef   Thumb Code     0  fleqf.o(x$fpl$fleqf)
    __aeabi_fmul                             0x08005105   Thumb Code     0  fmul.o(x$fpl$fmul)
    _fmul                                    0x08005105   Thumb Code   258  fmul.o(x$fpl$fmul)
    __fpl_fnaninf                            0x08005207   Thumb Code   140  fnaninf.o(x$fpl$fnaninf)
    __fpl_fretinf                            0x08005293   Thumb Code    10  fretinf.o(x$fpl$fretinf)
    __aeabi_cfrcmple                         0x0800529d   Thumb Code     0  frleqf.o(x$fpl$frleqf)
    _frcmple                                 0x0800529d   Thumb Code    98  frleqf.o(x$fpl$frleqf)
    _printf_fp_dec                           0x080052ff   Thumb Code     4  printf1.o(x$fpl$printf1)
    _printf_fp_hex                           0x08005303   Thumb Code     4  printf2.o(x$fpl$printf2)
    __I$use$fp                               0x08005306   Number         0  usenofp.o(x$fpl$usenofp)
    AHBPrescTable                            0x08005318   Data          16  system_stm32f1xx.o(.constdata)
    APBPrescTable                            0x08005328   Data           8  system_stm32f1xx.o(.constdata)
    Region$$Table$$Base                      0x08005430   Number         0  anon$$obj.o(Region$$Table)
    Region$$Table$$Limit                     0x08005450   Number         0  anon$$obj.o(Region$$Table)
    __ctype                                  0x0800545d   Data           0  lc_ctype_c.o(locale$$data)
    RxBuff                                   0x20000000   Data           1  tjc_usart_hmi.o(.data)
    ITjishu1                                 0x20000002   Data           2  tjc_usart_hmi.o(.data)
    ITjishu2                                 0x20000004   Data           2  tjc_usart_hmi.o(.data)
    ITjishu3                                 0x20000006   Data           2  tjc_usart_hmi.o(.data)
    quanshu1                                 0x20000008   Data           4  tjc_usart_hmi.o(.data)
    quanshu2                                 0x2000000c   Data           4  tjc_usart_hmi.o(.data)
    quanshu3                                 0x20000010   Data           4  tjc_usart_hmi.o(.data)
    usarflag                                 0x20000014   Data           4  tjc_usart_hmi.o(.data)
    direction1                               0x20000018   Data           4  tjc_usart_hmi.o(.data)
    direction2                               0x2000001c   Data           4  tjc_usart_hmi.o(.data)
    direction3                               0x20000020   Data           4  tjc_usart_hmi.o(.data)
    ITjishu4                                 0x20000024   Data           2  tjc_usart_hmi.o(.data)
    quanshu4                                 0x20000028   Data           4  tjc_usart_hmi.o(.data)
    uwTickFreq                               0x2000002c   Data           1  stm32f1xx_hal.o(.data)
    uwTickPrio                               0x20000030   Data           4  stm32f1xx_hal.o(.data)
    uwTick                                   0x20000034   Data           4  stm32f1xx_hal.o(.data)
    SystemCoreClock                          0x20000038   Data           4  system_stm32f1xx.o(.data)
    LobotTxBuf                               0x2000003c   Data         128  lobotservocontroller.o(.bss)
    LobotRxBuf                               0x200000bc   Data          16  lobotservocontroller.o(.bss)
    ringBuff                                 0x200000cc   Data         506  tjc_usart_hmi.o(.bss)
    htim1                                    0x200002c8   Data          72  tim.o(.bss)
    htim2                                    0x20000310   Data          72  tim.o(.bss)
    htim8                                    0x20000358   Data          72  tim.o(.bss)
    huart1                                   0x200003a0   Data          72  usart.o(.bss)
    huart2                                   0x200003e8   Data          72  usart.o(.bss)
    __libspace_start                         0x20000430   Data          96  libspace.o(.bss)
    __temporary_stack_top$libspace           0x20000490   Data           0  libspace.o(.bss)



==============================================================================

Memory Map of the image

  Image Entry point : 0x08000131

  Load Region LR_IROM1 (Base: 0x08000000, Size: 0x000055b8, Max: 0x00040000, ABSOLUTE)

    Execution Region ER_IROM1 (Exec base: 0x08000000, Load base: 0x08000000, Size: 0x0000557c, Max: 0x00040000, ABSOLUTE)

    Exec Addr    Load Addr    Size         Type   Attr      Idx    E Section Name        Object

    0x08000000   0x08000000   0x00000130   Data   RO            3    RESET               startup_stm32f103xe.o
    0x08000130   0x08000130   0x00000008   Code   RO         3344  * !!!main             c_w.l(__main.o)
    0x08000138   0x08000138   0x00000034   Code   RO         3667    !!!scatter          c_w.l(__scatter.o)
    0x0800016c   0x0800016c   0x0000001a   Code   RO         3669    !!handler_copy      c_w.l(__scatter_copy.o)
    0x08000186   0x08000186   0x00000002   PAD
    0x08000188   0x08000188   0x0000001c   Code   RO         3671    !!handler_zi        c_w.l(__scatter_zi.o)
    0x080001a4   0x080001a4   0x00000000   Code   RO         3335    .ARM.Collect$$_printf_percent$$00000000  c_w.l(_printf_percent.o)
    0x080001a4   0x080001a4   0x00000006   Code   RO         3407    .ARM.Collect$$_printf_percent$$00000001  c_w.l(_printf_n.o)
    0x080001aa   0x080001aa   0x00000006   Code   RO         3408    .ARM.Collect$$_printf_percent$$00000002  c_w.l(_printf_p.o)
    0x080001b0   0x080001b0   0x00000006   Code   RO         3413    .ARM.Collect$$_printf_percent$$00000003  c_w.l(_printf_f.o)
    0x080001b6   0x080001b6   0x00000006   Code   RO         3414    .ARM.Collect$$_printf_percent$$00000004  c_w.l(_printf_e.o)
    0x080001bc   0x080001bc   0x00000006   Code   RO         3415    .ARM.Collect$$_printf_percent$$00000005  c_w.l(_printf_g.o)
    0x080001c2   0x080001c2   0x00000006   Code   RO         3416    .ARM.Collect$$_printf_percent$$00000006  c_w.l(_printf_a.o)
    0x080001c8   0x080001c8   0x0000000a   Code   RO         3421    .ARM.Collect$$_printf_percent$$00000007  c_w.l(_printf_ll.o)
    0x080001d2   0x080001d2   0x00000006   Code   RO         3410    .ARM.Collect$$_printf_percent$$00000008  c_w.l(_printf_i.o)
    0x080001d8   0x080001d8   0x00000006   Code   RO         3411    .ARM.Collect$$_printf_percent$$00000009  c_w.l(_printf_d.o)
    0x080001de   0x080001de   0x00000006   Code   RO         3412    .ARM.Collect$$_printf_percent$$0000000A  c_w.l(_printf_u.o)
    0x080001e4   0x080001e4   0x00000006   Code   RO         3409    .ARM.Collect$$_printf_percent$$0000000B  c_w.l(_printf_o.o)
    0x080001ea   0x080001ea   0x00000006   Code   RO         3334    .ARM.Collect$$_printf_percent$$0000000C  c_w.l(_printf_x.o)
    0x080001f0   0x080001f0   0x00000006   Code   RO         3418    .ARM.Collect$$_printf_percent$$0000000D  c_w.l(_printf_lli.o)
    0x080001f6   0x080001f6   0x00000006   Code   RO         3419    .ARM.Collect$$_printf_percent$$0000000E  c_w.l(_printf_lld.o)
    0x080001fc   0x080001fc   0x00000006   Code   RO         3420    .ARM.Collect$$_printf_percent$$0000000F  c_w.l(_printf_llu.o)
    0x08000202   0x08000202   0x00000006   Code   RO         3425    .ARM.Collect$$_printf_percent$$00000010  c_w.l(_printf_llo.o)
    0x08000208   0x08000208   0x00000006   Code   RO         3426    .ARM.Collect$$_printf_percent$$00000011  c_w.l(_printf_llx.o)
    0x0800020e   0x0800020e   0x0000000a   Code   RO         3422    .ARM.Collect$$_printf_percent$$00000012  c_w.l(_printf_l.o)
    0x08000218   0x08000218   0x00000006   Code   RO         3405    .ARM.Collect$$_printf_percent$$00000013  c_w.l(_printf_c.o)
    0x0800021e   0x0800021e   0x00000006   Code   RO         3406    .ARM.Collect$$_printf_percent$$00000014  c_w.l(_printf_s.o)
    0x08000224   0x08000224   0x00000006   Code   RO         3423    .ARM.Collect$$_printf_percent$$00000015  c_w.l(_printf_lc.o)
    0x0800022a   0x0800022a   0x00000006   Code   RO         3424    .ARM.Collect$$_printf_percent$$00000016  c_w.l(_printf_ls.o)
    0x08000230   0x08000230   0x00000004   Code   RO         3417    .ARM.Collect$$_printf_percent$$00000017  c_w.l(_printf_percent_end.o)
    0x08000234   0x08000234   0x00000002   Code   RO         3534    .ARM.Collect$$libinit$$00000000  c_w.l(libinit.o)
    0x08000236   0x08000236   0x00000000   Code   RO         3536    .ARM.Collect$$libinit$$00000002  c_w.l(libinit2.o)
    0x08000236   0x08000236   0x00000000   Code   RO         3538    .ARM.Collect$$libinit$$00000004  c_w.l(libinit2.o)
    0x08000236   0x08000236   0x00000000   Code   RO         3541    .ARM.Collect$$libinit$$0000000A  c_w.l(libinit2.o)
    0x08000236   0x08000236   0x00000000   Code   RO         3543    .ARM.Collect$$libinit$$0000000C  c_w.l(libinit2.o)
    0x08000236   0x08000236   0x00000000   Code   RO         3545    .ARM.Collect$$libinit$$0000000E  c_w.l(libinit2.o)
    0x08000236   0x08000236   0x00000006   Code   RO         3546    .ARM.Collect$$libinit$$0000000F  c_w.l(libinit2.o)
    0x0800023c   0x0800023c   0x00000000   Code   RO         3548    .ARM.Collect$$libinit$$00000011  c_w.l(libinit2.o)
    0x0800023c   0x0800023c   0x0000000c   Code   RO         3549    .ARM.Collect$$libinit$$00000012  c_w.l(libinit2.o)
    0x08000248   0x08000248   0x00000000   Code   RO         3550    .ARM.Collect$$libinit$$00000013  c_w.l(libinit2.o)
    0x08000248   0x08000248   0x00000000   Code   RO         3552    .ARM.Collect$$libinit$$00000015  c_w.l(libinit2.o)
    0x08000248   0x08000248   0x0000000a   Code   RO         3553    .ARM.Collect$$libinit$$00000016  c_w.l(libinit2.o)
    0x08000252   0x08000252   0x00000000   Code   RO         3554    .ARM.Collect$$libinit$$00000017  c_w.l(libinit2.o)
    0x08000252   0x08000252   0x00000000   Code   RO         3556    .ARM.Collect$$libinit$$00000019  c_w.l(libinit2.o)
    0x08000252   0x08000252   0x00000000   Code   RO         3558    .ARM.Collect$$libinit$$0000001B  c_w.l(libinit2.o)
    0x08000252   0x08000252   0x00000000   Code   RO         3560    .ARM.Collect$$libinit$$0000001D  c_w.l(libinit2.o)
    0x08000252   0x08000252   0x00000000   Code   RO         3562    .ARM.Collect$$libinit$$0000001F  c_w.l(libinit2.o)
    0x08000252   0x08000252   0x00000000   Code   RO         3564    .ARM.Collect$$libinit$$00000021  c_w.l(libinit2.o)
    0x08000252   0x08000252   0x00000000   Code   RO         3566    .ARM.Collect$$libinit$$00000023  c_w.l(libinit2.o)
    0x08000252   0x08000252   0x00000000   Code   RO         3568    .ARM.Collect$$libinit$$00000025  c_w.l(libinit2.o)
    0x08000252   0x08000252   0x00000000   Code   RO         3572    .ARM.Collect$$libinit$$0000002C  c_w.l(libinit2.o)
    0x08000252   0x08000252   0x00000000   Code   RO         3574    .ARM.Collect$$libinit$$0000002E  c_w.l(libinit2.o)
    0x08000252   0x08000252   0x00000000   Code   RO         3576    .ARM.Collect$$libinit$$00000030  c_w.l(libinit2.o)
    0x08000252   0x08000252   0x00000000   Code   RO         3578    .ARM.Collect$$libinit$$00000032  c_w.l(libinit2.o)
    0x08000252   0x08000252   0x00000002   Code   RO         3579    .ARM.Collect$$libinit$$00000033  c_w.l(libinit2.o)
    0x08000254   0x08000254   0x00000002   Code   RO         3613    .ARM.Collect$$libshutdown$$00000000  c_w.l(libshutdown.o)
    0x08000256   0x08000256   0x00000000   Code   RO         3624    .ARM.Collect$$libshutdown$$00000002  c_w.l(libshutdown2.o)
    0x08000256   0x08000256   0x00000000   Code   RO         3626    .ARM.Collect$$libshutdown$$00000004  c_w.l(libshutdown2.o)
    0x08000256   0x08000256   0x00000000   Code   RO         3628    .ARM.Collect$$libshutdown$$00000006  c_w.l(libshutdown2.o)
    0x08000256   0x08000256   0x00000000   Code   RO         3631    .ARM.Collect$$libshutdown$$00000009  c_w.l(libshutdown2.o)
    0x08000256   0x08000256   0x00000000   Code   RO         3634    .ARM.Collect$$libshutdown$$0000000C  c_w.l(libshutdown2.o)
    0x08000256   0x08000256   0x00000000   Code   RO         3636    .ARM.Collect$$libshutdown$$0000000E  c_w.l(libshutdown2.o)
    0x08000256   0x08000256   0x00000000   Code   RO         3639    .ARM.Collect$$libshutdown$$00000011  c_w.l(libshutdown2.o)
    0x08000256   0x08000256   0x00000002   Code   RO         3640    .ARM.Collect$$libshutdown$$00000012  c_w.l(libshutdown2.o)
    0x08000258   0x08000258   0x00000000   Code   RO         3368    .ARM.Collect$$rtentry$$00000000  c_w.l(__rtentry.o)
    0x08000258   0x08000258   0x00000000   Code   RO         3452    .ARM.Collect$$rtentry$$00000002  c_w.l(__rtentry2.o)
    0x08000258   0x08000258   0x00000006   Code   RO         3464    .ARM.Collect$$rtentry$$00000004  c_w.l(__rtentry4.o)
    0x0800025e   0x0800025e   0x00000000   Code   RO         3454    .ARM.Collect$$rtentry$$00000009  c_w.l(__rtentry2.o)
    0x0800025e   0x0800025e   0x00000004   Code   RO         3455    .ARM.Collect$$rtentry$$0000000A  c_w.l(__rtentry2.o)
    0x08000262   0x08000262   0x00000000   Code   RO         3457    .ARM.Collect$$rtentry$$0000000C  c_w.l(__rtentry2.o)
    0x08000262   0x08000262   0x00000008   Code   RO         3458    .ARM.Collect$$rtentry$$0000000D  c_w.l(__rtentry2.o)
    0x0800026a   0x0800026a   0x00000002   Code   RO         3584    .ARM.Collect$$rtexit$$00000000  c_w.l(rtexit.o)
    0x0800026c   0x0800026c   0x00000000   Code   RO         3591    .ARM.Collect$$rtexit$$00000002  c_w.l(rtexit2.o)
    0x0800026c   0x0800026c   0x00000004   Code   RO         3592    .ARM.Collect$$rtexit$$00000003  c_w.l(rtexit2.o)
    0x08000270   0x08000270   0x00000006   Code   RO         3593    .ARM.Collect$$rtexit$$00000004  c_w.l(rtexit2.o)
    0x08000276   0x08000276   0x00000002   PAD
    0x08000278   0x08000278   0x00000040   Code   RO            4    .text               startup_stm32f103xe.o
    0x080002b8   0x080002b8   0x00000034   Code   RO         3285    .text               c_w.l(vsnprintf.o)
    0x080002ec   0x080002ec   0x0000002c   Code   RO         3287    .text               c_w.l(__2sprintf.o)
    0x08000318   0x08000318   0x00000094   Code   RO         3311    .text               c_w.l(_printf_hex_int_ll_ptr.o)
    0x080003ac   0x080003ac   0x00000188   Code   RO         3331    .text               c_w.l(__printf_flags_ss_wp.o)
    0x08000534   0x08000534   0x00000070   Code   RO         3336    .text               c_w.l(strtol.o)
    0x080005a4   0x080005a4   0x0000003e   Code   RO         3338    .text               c_w.l(strlen.o)
    0x080005e2   0x080005e2   0x0000004e   Code   RO         3340    .text               c_w.l(rt_memclr_w.o)
    0x08000630   0x08000630   0x00000006   Code   RO         3342    .text               c_w.l(heapauxi.o)
    0x08000636   0x08000636   0x00000002   PAD
    0x08000638   0x08000638   0x00000010   Code   RO         3369    .text               c_w.l(rt_ctype_table.o)
    0x08000648   0x08000648   0x00000008   Code   RO         3374    .text               c_w.l(rt_errno_addr_intlibspace.o)
    0x08000650   0x08000650   0x0000004e   Code   RO         3376    .text               c_w.l(_printf_pad.o)
    0x0800069e   0x0800069e   0x00000024   Code   RO         3378    .text               c_w.l(_printf_truncate.o)
    0x080006c2   0x080006c2   0x00000052   Code   RO         3380    .text               c_w.l(_printf_str.o)
    0x08000714   0x08000714   0x000000b2   Code   RO         3382    .text               c_w.l(_printf_intcommon.o)
    0x080007c6   0x080007c6   0x00000002   PAD
    0x080007c8   0x080007c8   0x00000078   Code   RO         3384    .text               c_w.l(_printf_dec.o)
    0x08000840   0x08000840   0x00000028   Code   RO         3386    .text               c_w.l(_printf_charcount.o)
    0x08000868   0x08000868   0x00000030   Code   RO         3388    .text               c_w.l(_printf_char_common.o)
    0x08000898   0x08000898   0x0000000a   Code   RO         3390    .text               c_w.l(_sputc.o)
    0x080008a2   0x080008a2   0x00000010   Code   RO         3392    .text               c_w.l(_snputc.o)
    0x080008b2   0x080008b2   0x00000002   PAD
    0x080008b4   0x080008b4   0x000000bc   Code   RO         3394    .text               c_w.l(_printf_wctomb.o)
    0x08000970   0x08000970   0x0000007c   Code   RO         3397    .text               c_w.l(_printf_longlong_dec.o)
    0x080009ec   0x080009ec   0x00000070   Code   RO         3403    .text               c_w.l(_printf_oct_int_ll.o)
    0x08000a5c   0x08000a5c   0x0000009e   Code   RO         3427    .text               c_w.l(_strtoul.o)
    0x08000afa   0x08000afa   0x00000002   PAD
    0x08000afc   0x08000afc   0x00000008   Code   RO         3448    .text               c_w.l(libspace.o)
    0x08000b04   0x08000b04   0x00000008   Code   RO         3469    .text               c_w.l(rt_locale_intlibspace.o)
    0x08000b0c   0x08000b0c   0x0000008a   Code   RO         3471    .text               c_w.l(lludiv10.o)
    0x08000b96   0x08000b96   0x0000041e   Code   RO         3473    .text               c_w.l(_printf_fp_dec.o)
    0x08000fb4   0x08000fb4   0x000002fc   Code   RO         3475    .text               c_w.l(_printf_fp_hex.o)
    0x080012b0   0x080012b0   0x0000002c   Code   RO         3480    .text               c_w.l(_printf_char.o)
    0x080012dc   0x080012dc   0x0000002c   Code   RO         3482    .text               c_w.l(_printf_wchar.o)
    0x08001308   0x08001308   0x0000001c   Code   RO         3484    .text               c_w.l(_chval.o)
    0x08001324   0x08001324   0x00000040   Code   RO         3486    .text               c_w.l(_wcrtomb.o)
    0x08001364   0x08001364   0x0000004a   Code   RO         3493    .text               c_w.l(sys_stackheap_outer.o)
    0x080013ae   0x080013ae   0x00000002   PAD
    0x080013b0   0x080013b0   0x00000080   Code   RO         3495    .text               c_w.l(_printf_fp_infnan.o)
    0x08001430   0x08001430   0x000000e4   Code   RO         3497    .text               c_w.l(bigflt0.o)
    0x08001514   0x08001514   0x00000012   Code   RO         3525    .text               c_w.l(exit.o)
    0x08001526   0x08001526   0x00000002   PAD
    0x08001528   0x08001528   0x00000080   Code   RO         3527    .text               c_w.l(strcmpv7m.o)
    0x080015a8   0x080015a8   0x0000000c   Code   RO         3603    .text               c_w.l(sys_exit.o)
    0x080015b4   0x080015b4   0x00000002   Code   RO         3614    .text               c_w.l(use_no_semi.o)
    0x080015b6   0x080015b6   0x00000000   Code   RO         3616    .text               c_w.l(indicate_semi.o)
    0x080015b6   0x080015b6   0x0000003e   Code   RO         3500    CL$$btod_d2e        c_w.l(btod.o)
    0x080015f4   0x080015f4   0x00000046   Code   RO         3502    CL$$btod_d2e_denorm_low  c_w.l(btod.o)
    0x0800163a   0x0800163a   0x00000060   Code   RO         3501    CL$$btod_d2e_norm_op1  c_w.l(btod.o)
    0x0800169a   0x0800169a   0x00000338   Code   RO         3510    CL$$btod_div_common  c_w.l(btod.o)
    0x080019d2   0x080019d2   0x000000dc   Code   RO         3507    CL$$btod_e2e        c_w.l(btod.o)
    0x08001aae   0x08001aae   0x0000002a   Code   RO         3504    CL$$btod_ediv       c_w.l(btod.o)
    0x08001ad8   0x08001ad8   0x0000002a   Code   RO         3503    CL$$btod_emul       c_w.l(btod.o)
    0x08001b02   0x08001b02   0x00000244   Code   RO         3509    CL$$btod_mult_common  c_w.l(btod.o)
    0x08001d46   0x08001d46   0x00000002   Code   RO          743    i.BusFault_Handler  stm32f1xx_it.o
    0x08001d48   0x08001d48   0x00000002   Code   RO          744    i.DebugMon_Handler  stm32f1xx_it.o
    0x08001d4a   0x08001d4a   0x00000006   Code   RO          745    i.EXTI9_5_IRQHandler  stm32f1xx_it.o
    0x08001d50   0x08001d50   0x00000004   Code   RO          556    i.Error_Handler     main.o
    0x08001d54   0x08001d54   0x00000046   Code   RO         2287    i.HAL_DMA_Abort     stm32f1xx_hal_dma.o
    0x08001d9a   0x08001d9a   0x00000002   PAD
    0x08001d9c   0x08001d9c   0x00000130   Code   RO         2288    i.HAL_DMA_Abort_IT  stm32f1xx_hal_dma.o
    0x08001ecc   0x08001ecc   0x00000024   Code   RO         1913    i.HAL_Delay         stm32f1xx_hal.o
    0x08001ef0   0x08001ef0   0x00000024   Code   RO          416    i.HAL_GPIO_EXTI_Callback  key.o
    0x08001f14   0x08001f14   0x00000018   Code   RO         2222    i.HAL_GPIO_EXTI_IRQHandler  stm32f1xx_hal_gpio.o
    0x08001f2c   0x08001f2c   0x000001f8   Code   RO         2223    i.HAL_GPIO_Init     stm32f1xx_hal_gpio.o
    0x08002124   0x08002124   0x00000010   Code   RO         2226    i.HAL_GPIO_TogglePin  stm32f1xx_hal_gpio.o
    0x08002134   0x08002134   0x0000000a   Code   RO         2227    i.HAL_GPIO_WritePin  stm32f1xx_hal_gpio.o
    0x0800213e   0x0800213e   0x00000002   PAD
    0x08002140   0x08002140   0x0000000c   Code   RO         1917    i.HAL_GetTick       stm32f1xx_hal.o
    0x0800214c   0x0800214c   0x00000010   Code   RO         1923    i.HAL_IncTick       stm32f1xx_hal.o
    0x0800215c   0x0800215c   0x00000024   Code   RO         1924    i.HAL_Init          stm32f1xx_hal.o
    0x08002180   0x08002180   0x00000040   Code   RO         1925    i.HAL_InitTick      stm32f1xx_hal.o
    0x080021c0   0x080021c0   0x0000003c   Code   RO          873    i.HAL_MspInit       stm32f1xx_hal_msp.o
    0x080021fc   0x080021fc   0x00000022   Code   RO         2382    i.HAL_NVIC_DisableIRQ  stm32f1xx_hal_cortex.o
    0x0800221e   0x0800221e   0x0000001a   Code   RO         2383    i.HAL_NVIC_EnableIRQ  stm32f1xx_hal_cortex.o
    0x08002238   0x08002238   0x00000040   Code   RO         2389    i.HAL_NVIC_SetPriority  stm32f1xx_hal_cortex.o
    0x08002278   0x08002278   0x00000024   Code   RO         2390    i.HAL_NVIC_SetPriorityGrouping  stm32f1xx_hal_cortex.o
    0x0800229c   0x0800229c   0x0000001c   Code   RO         2509    i.HAL_PWR_EnableWakeUpPin  stm32f1xx_hal_pwr.o
    0x080022b8   0x080022b8   0x00000020   Code   RO         2511    i.HAL_PWR_EnterSTANDBYMode  stm32f1xx_hal_pwr.o
    0x080022d8   0x080022d8   0x0000012c   Code   RO         2081    i.HAL_RCC_ClockConfig  stm32f1xx_hal_rcc.o
    0x08002404   0x08002404   0x00000020   Code   RO         2088    i.HAL_RCC_GetPCLK1Freq  stm32f1xx_hal_rcc.o
    0x08002424   0x08002424   0x00000020   Code   RO         2089    i.HAL_RCC_GetPCLK2Freq  stm32f1xx_hal_rcc.o
    0x08002444   0x08002444   0x0000004c   Code   RO         2090    i.HAL_RCC_GetSysClockFreq  stm32f1xx_hal_rcc.o
    0x08002490   0x08002490   0x00000320   Code   RO         2093    i.HAL_RCC_OscConfig  stm32f1xx_hal_rcc.o
    0x080027b0   0x080027b0   0x00000028   Code   RO         2394    i.HAL_SYSTICK_Config  stm32f1xx_hal_cortex.o
    0x080027d8   0x080027d8   0x00000002   Code   RO         1639    i.HAL_TIMEx_BreakCallback  stm32f1xx_hal_tim_ex.o
    0x080027da   0x080027da   0x00000002   Code   RO         1640    i.HAL_TIMEx_CommutCallback  stm32f1xx_hal_tim_ex.o
    0x080027dc   0x080027dc   0x00000054   Code   RO         1642    i.HAL_TIMEx_ConfigBreakDeadTime  stm32f1xx_hal_tim_ex.o
    0x08002830   0x08002830   0x0000007c   Code   RO         1658    i.HAL_TIMEx_MasterConfigSynchronization  stm32f1xx_hal_tim_ex.o
    0x080028ac   0x080028ac   0x0000005a   Code   RO          935    i.HAL_TIM_Base_Init  stm32f1xx_hal_tim.o
    0x08002906   0x08002906   0x00000002   PAD
    0x08002908   0x08002908   0x000000b8   Code   RO          617    i.HAL_TIM_Base_MspInit  tim.o
    0x080029c0   0x080029c0   0x0000006c   Code   RO          940    i.HAL_TIM_Base_Start_IT  stm32f1xx_hal_tim.o
    0x08002a2c   0x08002a2c   0x000000dc   Code   RO          944    i.HAL_TIM_ConfigClockSource  stm32f1xx_hal_tim.o
    0x08002b08   0x08002b08   0x00000002   Code   RO          969    i.HAL_TIM_IC_CaptureCallback  stm32f1xx_hal_tim.o
    0x08002b0a   0x08002b0a   0x00000166   Code   RO          983    i.HAL_TIM_IRQHandler  stm32f1xx_hal_tim.o
    0x08002c70   0x08002c70   0x000000e4   Code   RO          618    i.HAL_TIM_MspPostInit  tim.o
    0x08002d54   0x08002d54   0x00000052   Code   RO          984    i.HAL_TIM_OC_ConfigChannel  stm32f1xx_hal_tim.o
    0x08002da6   0x08002da6   0x00000002   Code   RO          986    i.HAL_TIM_OC_DelayElapsedCallback  stm32f1xx_hal_tim.o
    0x08002da8   0x08002da8   0x0000005a   Code   RO          988    i.HAL_TIM_OC_Init   stm32f1xx_hal_tim.o
    0x08002e02   0x08002e02   0x00000002   Code   RO          990    i.HAL_TIM_OC_MspInit  stm32f1xx_hal_tim.o
    0x08002e04   0x08002e04   0x000000cc   Code   RO         1007    i.HAL_TIM_PWM_ConfigChannel  stm32f1xx_hal_tim.o
    0x08002ed0   0x08002ed0   0x0000005a   Code   RO         1010    i.HAL_TIM_PWM_Init  stm32f1xx_hal_tim.o
    0x08002f2a   0x08002f2a   0x00000002   Code   RO         1012    i.HAL_TIM_PWM_MspInit  stm32f1xx_hal_tim.o
    0x08002f2c   0x08002f2c   0x00000002   Code   RO         1013    i.HAL_TIM_PWM_PulseFinishedCallback  stm32f1xx_hal_tim.o
    0x08002f2e   0x08002f2e   0x00000002   PAD
    0x08002f30   0x08002f30   0x000000b4   Code   RO         1015    i.HAL_TIM_PWM_Start  stm32f1xx_hal_tim.o
    0x08002fe4   0x08002fe4   0x000000f4   Code   RO          446    i.HAL_TIM_PeriodElapsedCallback  encoder.o
    0x080030d8   0x080030d8   0x00000002   Code   RO         1026    i.HAL_TIM_TriggerCallback  stm32f1xx_hal_tim.o
    0x080030da   0x080030da   0x00000002   Code   RO         2895    i.HAL_UARTEx_RxEventCallback  stm32f1xx_hal_uart.o
    0x080030dc   0x080030dc   0x00000002   Code   RO         2909    i.HAL_UART_ErrorCallback  stm32f1xx_hal_uart.o
    0x080030de   0x080030de   0x00000002   PAD
    0x080030e0   0x080030e0   0x0000026c   Code   RO         2912    i.HAL_UART_IRQHandler  stm32f1xx_hal_uart.o
    0x0800334c   0x0800334c   0x00000064   Code   RO         2913    i.HAL_UART_Init     stm32f1xx_hal_uart.o
    0x080033b0   0x080033b0   0x000000d8   Code   RO          677    i.HAL_UART_MspInit  usart.o
    0x08003488   0x08003488   0x0000001c   Code   RO         2918    i.HAL_UART_Receive_IT  stm32f1xx_hal_uart.o
    0x080034a4   0x080034a4   0x00000030   Code   RO          224    i.HAL_UART_RxCpltCallback  tjc_usart_hmi.o
    0x080034d4   0x080034d4   0x00000032   Code   RO         2923    i.HAL_UART_Transmit_IT  stm32f1xx_hal_uart.o
    0x08003506   0x08003506   0x00000002   Code   RO         2924    i.HAL_UART_TxCpltCallback  stm32f1xx_hal_uart.o
    0x08003508   0x08003508   0x00000002   Code   RO          746    i.HardFault_Handler  stm32f1xx_it.o
    0x0800350a   0x0800350a   0x00000002   PAD
    0x0800350c   0x0800350c   0x00000128   Code   RO          592    i.MX_GPIO_Init      gpio.o
    0x08003634   0x08003634   0x000000d8   Code   RO          619    i.MX_TIM1_Init      tim.o
    0x0800370c   0x0800370c   0x000000d4   Code   RO          620    i.MX_TIM2_Init      tim.o
    0x080037e0   0x080037e0   0x000000fc   Code   RO          621    i.MX_TIM8_Init      tim.o
    0x080038dc   0x080038dc   0x00000038   Code   RO          678    i.MX_USART1_UART_Init  usart.o
    0x08003914   0x08003914   0x00000038   Code   RO          679    i.MX_USART2_UART_Init  usart.o
    0x0800394c   0x0800394c   0x00000002   Code   RO          747    i.MemManage_Handler  stm32f1xx_it.o
    0x0800394e   0x0800394e   0x00000002   Code   RO          748    i.NMI_Handler       stm32f1xx_it.o
    0x08003950   0x08003950   0x00000002   Code   RO          749    i.PendSV_Handler    stm32f1xx_it.o
    0x08003952   0x08003952   0x00000002   Code   RO          750    i.SVC_Handler       stm32f1xx_it.o
    0x08003954   0x08003954   0x00000020   Code   RO          417    i.SYS_SLEEP         key.o
    0x08003974   0x08003974   0x00000004   Code   RO          751    i.SysTick_Handler   stm32f1xx_it.o
    0x08003978   0x08003978   0x0000005e   Code   RO          557    i.SystemClock_Config  main.o
    0x080039d6   0x080039d6   0x00000002   Code   RO         3247    i.SystemInit        system_stm32f1xx.o
    0x080039d8   0x080039d8   0x0000000c   Code   RO          752    i.TIM1_BRK_IRQHandler  stm32f1xx_it.o
    0x080039e4   0x080039e4   0x0000000c   Code   RO          753    i.TIM2_IRQHandler   stm32f1xx_it.o
    0x080039f0   0x080039f0   0x0000000c   Code   RO          754    i.TIM8_BRK_IRQHandler  stm32f1xx_it.o
    0x080039fc   0x080039fc   0x0000000c   Code   RO          755    i.TIM8_CC_IRQHandler  stm32f1xx_it.o
    0x08003a08   0x08003a08   0x0000000c   Code   RO          756    i.TIM8_TRG_COM_IRQHandler  stm32f1xx_it.o
    0x08003a14   0x08003a14   0x0000000c   Code   RO          757    i.TIM8_UP_IRQHandler  stm32f1xx_it.o
    0x08003a20   0x08003a20   0x0000008c   Code   RO         1028    i.TIM_Base_SetConfig  stm32f1xx_hal_tim.o
    0x08003aac   0x08003aac   0x0000001a   Code   RO         1029    i.TIM_CCxChannelCmd  stm32f1xx_hal_tim.o
    0x08003ac6   0x08003ac6   0x00000014   Code   RO         1039    i.TIM_ETR_SetConfig  stm32f1xx_hal_tim.o
    0x08003ada   0x08003ada   0x00000010   Code   RO         1040    i.TIM_ITRx_SetConfig  stm32f1xx_hal_tim.o
    0x08003aea   0x08003aea   0x00000002   PAD
    0x08003aec   0x08003aec   0x00000060   Code   RO         1041    i.TIM_OC1_SetConfig  stm32f1xx_hal_tim.o
    0x08003b4c   0x08003b4c   0x0000006c   Code   RO         1042    i.TIM_OC2_SetConfig  stm32f1xx_hal_tim.o
    0x08003bb8   0x08003bb8   0x00000068   Code   RO         1043    i.TIM_OC3_SetConfig  stm32f1xx_hal_tim.o
    0x08003c20   0x08003c20   0x00000050   Code   RO         1044    i.TIM_OC4_SetConfig  stm32f1xx_hal_tim.o
    0x08003c70   0x08003c70   0x00000022   Code   RO         1046    i.TIM_TI1_ConfigInputStage  stm32f1xx_hal_tim.o
    0x08003c92   0x08003c92   0x00000024   Code   RO         1048    i.TIM_TI2_ConfigInputStage  stm32f1xx_hal_tim.o
    0x08003cb6   0x08003cb6   0x00000002   PAD
    0x08003cb8   0x08003cb8   0x0000008c   Code   RO          225    i.TJCPrintf         tjc_usart_hmi.o
    0x08003d44   0x08003d44   0x00000010   Code   RO         2926    i.UART_DMAAbortOnError  stm32f1xx_hal_uart.o
    0x08003d54   0x08003d54   0x0000004e   Code   RO         2936    i.UART_EndRxTransfer  stm32f1xx_hal_uart.o
    0x08003da2   0x08003da2   0x000000c2   Code   RO         2938    i.UART_Receive_IT   stm32f1xx_hal_uart.o
    0x08003e64   0x08003e64   0x000000b8   Code   RO         2939    i.UART_SetConfig    stm32f1xx_hal_uart.o
    0x08003f1c   0x08003f1c   0x00000036   Code   RO         2941    i.UART_Start_Receive_IT  stm32f1xx_hal_uart.o
    0x08003f52   0x08003f52   0x00000002   PAD
    0x08003f54   0x08003f54   0x0000000c   Code   RO          758    i.USART1_IRQHandler  stm32f1xx_it.o
    0x08003f60   0x08003f60   0x0000000c   Code   RO          759    i.USART2_IRQHandler  stm32f1xx_it.o
    0x08003f6c   0x08003f6c   0x00000002   Code   RO          760    i.UsageFault_Handler  stm32f1xx_it.o
    0x08003f6e   0x08003f6e   0x00000028   Code   RO         3582    i.__ARM_fpclassify  m_ws.l(fpclassify.o)
    0x08003f96   0x08003f96   0x00000020   Code   RO         2396    i.__NVIC_SetPriority  stm32f1xx_hal_cortex.o
    0x08003fb6   0x08003fb6   0x0000000e   Code   RO         3324    i._is_digit         c_w.l(__printf_wp.o)
    0x08003fc4   0x08003fc4   0x0000008e   Code   RO          478    i.all               fengzhuang.o
    0x08004052   0x08004052   0x00000002   PAD
    0x08004054   0x08004054   0x000000ac   Code   RO          479    i.bianmayundong     fengzhuang.o
    0x08004100   0x08004100   0x00000064   Code   RO          480    i.bianmayundong_right  fengzhuang.o
    0x08004164   0x08004164   0x0000001c   Code   RO          226    i.change            tjc_usart_hmi.o
    0x08004180   0x08004180   0x0000008c   Code   RO          481    i.clamp_and_move_claw_forward  fengzhuang.o
    0x0800420c   0x0800420c   0x0000003c   Code   RO          227    i.deleteRingBuff    tjc_usart_hmi.o
    0x08004248   0x08004248   0x0000002c   Code   RO          360    i.dianji_init       bujin.o
    0x08004274   0x08004274   0x00000010   Code   RO          361    i.dianji_kongzhi1   bujin.o
    0x08004284   0x08004284   0x00000010   Code   RO          362    i.dianji_kongzhi2   bujin.o
    0x08004294   0x08004294   0x00000010   Code   RO          363    i.dianji_kongzhi3   bujin.o
    0x080042a4   0x080042a4   0x00000010   Code   RO          229    i.initRingBuff      tjc_usart_hmi.o
    0x080042b4   0x080042b4   0x000005f4   Code   RO          232    i.judge             tjc_usart_hmi.o
    0x080048a8   0x080048a8   0x000000e0   Code   RO          558    i.main              main.o
    0x08004988   0x08004988   0x00000090   Code   RO          483    i.motor_init        fengzhuang.o
    0x08004a18   0x08004a18   0x00000040   Code   RO           14    i.moveServo         lobotservocontroller.o
    0x08004a58   0x08004a58   0x0000001c   Code   RO          233    i.read1BFromRingBuff  tjc_usart_hmi.o
    0x08004a74   0x08004a74   0x00000048   Code   RO          486    i.release_and_move_claw_back  fengzhuang.o
    0x08004abc   0x08004abc   0x000000d0   Code   RO          234    i.show              tjc_usart_hmi.o
    0x08004b8c   0x08004b8c   0x0000002c   Code   RO          681    i.uartWriteBuf      usart.o
    0x08004bb8   0x08004bb8   0x00000030   Code   RO          235    i.writeRingBuff     tjc_usart_hmi.o
    0x08004be8   0x08004be8   0x00000030   Code   RO          487    i.yunmiao           fengzhuang.o
    0x08004c18   0x08004c18   0x0000002c   Code   RO         3489    locale$$code        c_w.l(lc_ctype_c.o)
    0x08004c44   0x08004c44   0x0000002c   Code   RO         3523    locale$$code        c_w.l(lc_numeric_c.o)
    0x08004c70   0x08004c70   0x00000062   Code   RO         3346    x$fpl$d2f           fz_ws.l(d2f.o)
    0x08004cd2   0x08004cd2   0x00000002   PAD
    0x08004cd4   0x08004cd4   0x000002b0   Code   RO         3349    x$fpl$ddiv          fz_ws.l(ddiv.o)
    0x08004f84   0x08004f84   0x0000002e   Code   RO         3353    x$fpl$dflt          fz_ws.l(dflt_clz.o)
    0x08004fb2   0x08004fb2   0x0000009c   Code   RO         3429    x$fpl$dnaninf       fz_ws.l(dnaninf.o)
    0x0800504e   0x0800504e   0x0000000c   Code   RO         3431    x$fpl$dretinf       fz_ws.l(dretinf.o)
    0x0800505a   0x0800505a   0x00000018   Code   RO         3491    x$fpl$fcmpinf       fz_ws.l(fcmpi.o)
    0x08005072   0x08005072   0x00000002   PAD
    0x08005074   0x08005074   0x00000026   Code   RO         3358    x$fpl$ffltu         fz_ws.l(fflt_clz.o)
    0x0800509a   0x0800509a   0x00000002   PAD
    0x0800509c   0x0800509c   0x00000068   Code   RO         3433    x$fpl$fleqf         fz_ws.l(fleqf.o)
    0x08005104   0x08005104   0x00000102   Code   RO         3364    x$fpl$fmul          fz_ws.l(fmul.o)
    0x08005206   0x08005206   0x0000008c   Code   RO         3435    x$fpl$fnaninf       fz_ws.l(fnaninf.o)
    0x08005292   0x08005292   0x0000000a   Code   RO         3437    x$fpl$fretinf       fz_ws.l(fretinf.o)
    0x0800529c   0x0800529c   0x00000062   Code   RO         3366    x$fpl$frleqf        fz_ws.l(frleqf.o)
    0x080052fe   0x080052fe   0x00000004   Code   RO         3439    x$fpl$printf1       fz_ws.l(printf1.o)
    0x08005302   0x08005302   0x00000004   Code   RO         3441    x$fpl$printf2       fz_ws.l(printf2.o)
    0x08005306   0x08005306   0x00000000   Code   RO         3447    x$fpl$usenofp       fz_ws.l(usenofp.o)
    0x08005306   0x08005306   0x00000012   Data   RO         2094    .constdata          stm32f1xx_hal_rcc.o
    0x08005318   0x08005318   0x00000010   Data   RO         3248    .constdata          system_stm32f1xx.o
    0x08005328   0x08005328   0x00000008   Data   RO         3249    .constdata          system_stm32f1xx.o
    0x08005330   0x08005330   0x00000028   Data   RO         3312    .constdata          c_w.l(_printf_hex_int_ll_ptr.o)
    0x08005358   0x08005358   0x00000011   Data   RO         3332    .constdata          c_w.l(__printf_flags_ss_wp.o)
    0x08005369   0x08005369   0x00000003   PAD
    0x0800536c   0x0800536c   0x00000008   Data   RO         3395    .constdata          c_w.l(_printf_wctomb.o)
    0x08005374   0x08005374   0x00000026   Data   RO         3476    .constdata          c_w.l(_printf_fp_hex.o)
    0x0800539a   0x0800539a   0x00000002   PAD
    0x0800539c   0x0800539c   0x00000094   Data   RO         3498    .constdata          c_w.l(bigflt0.o)
    0x08005430   0x08005430   0x00000020   Data   RO         3665    Region$$Table       anon$$obj.o
    0x08005450   0x08005450   0x00000110   Data   RO         3488    locale$$data        c_w.l(lc_ctype_c.o)
    0x08005560   0x08005560   0x0000001c   Data   RO         3522    locale$$data        c_w.l(lc_numeric_c.o)


    Execution Region RW_IRAM1 (Exec base: 0x20000000, Load base: 0x0800557c, Size: 0x00000a90, Max: 0x0000c000, ABSOLUTE)

    Exec Addr    Load Addr    Size         Type   Attr      Idx    E Section Name        Object

    0x20000000   0x0800557c   0x00000024   Data   RW          237    .data               tjc_usart_hmi.o
    0x20000024   0x080055a0   0x00000002   Data   RW          238    .data               tjc_usart_hmi.o
    0x20000026   0x080055a2   0x00000002   PAD
    0x20000028   0x080055a4   0x00000004   Data   RW          239    .data               tjc_usart_hmi.o
    0x2000002c   0x080055a8   0x0000000c   Data   RW         1931    .data               stm32f1xx_hal.o
    0x20000038   0x080055b4   0x00000004   Data   RW         3250    .data               system_stm32f1xx.o
    0x2000003c        -       0x00000090   Zero   RW           22    .bss                lobotservocontroller.o
    0x200000cc        -       0x000001fa   Zero   RW          236    .bss                tjc_usart_hmi.o
    0x200002c6   0x080055b8   0x00000002   PAD
    0x200002c8        -       0x000000d8   Zero   RW          622    .bss                tim.o
    0x200003a0        -       0x00000090   Zero   RW          683    .bss                usart.o
    0x20000430        -       0x00000060   Zero   RW         3449    .bss                c_w.l(libspace.o)
    0x20000490        -       0x00000200   Zero   RW            2    HEAP                startup_stm32f103xe.o
    0x20000690        -       0x00000400   Zero   RW            1    STACK               startup_stm32f103xe.o


==============================================================================

Image component sizes


      Code (inc. data)   RO Data    RW Data    ZI Data      Debug   Object Name

        92         24          0          0          0       1816   bujin.o
       244         42          0          0          0       1653   encoder.o
       818         98          0          0          0       4270   fengzhuang.o
       296         26          0          0          0       1003   gpio.o
        68         10          0          0          0       1257   key.o
        64          6          0          0        144     488756   lobotservocontroller.o
       322         52          0          0          0       2172   main.o
        64         26        304          0       1536        804   startup_stm32f103xe.o
       164         28          0         12          0       6465   stm32f1xx_hal.o
       232         14          0          0          0      29557   stm32f1xx_hal_cortex.o
       374          8          0          0          0       1815   stm32f1xx_hal_dma.o
       554         48          0          0          0       4076   stm32f1xx_hal_gpio.o
        60          8          0          0          0        862   stm32f1xx_hal_msp.o
        60         14          0          0          0       1057   stm32f1xx_hal_pwr.o
      1240         84         18          0          0       5076   stm32f1xx_hal_rcc.o
      2094         96          0          0          0      18104   stm32f1xx_hal_tim.o
       212         20          0          0          0       3157   stm32f1xx_hal_tim_ex.o
      1330         10          0          0          0       9503   stm32f1xx_hal_uart.o
       122         48          0          0          0       7697   stm32f1xx_it.o
         2          0         24          4          0       1095   system_stm32f1xx.o
      1092         66          0          0        216       4238   tim.o
      2100        198          0         42        506       8146   tjc_usart_hmi.o
       372         42          0          0        144       3049   usart.o

    ----------------------------------------------------------------------
     11996        968        378         60       2548     605628   Object Totals
         0          0         32          0          0          0   (incl. Generated)
        20          0          0          2          2          0   (incl. Padding)

    ----------------------------------------------------------------------

      Code (inc. data)   RO Data    RW Data    ZI Data      Debug   Library Member Name

        44          6          0          0          0         84   __2sprintf.o
         8          0          0          0          0         68   __main.o
       392          4         17          0          0         92   __printf_flags_ss_wp.o
        14          0          0          0          0         68   __printf_wp.o
         0          0          0          0          0          0   __rtentry.o
        12          0          0          0          0          0   __rtentry2.o
         6          0          0          0          0          0   __rtentry4.o
        52          8          0          0          0          0   __scatter.o
        26          0          0          0          0          0   __scatter_copy.o
        28          0          0          0          0          0   __scatter_zi.o
        28          0          0          0          0         68   _chval.o
         6          0          0          0          0          0   _printf_a.o
         6          0          0          0          0          0   _printf_c.o
        44          0          0          0          0        108   _printf_char.o
        48          6          0          0          0         96   _printf_char_common.o
        40          0          0          0          0         68   _printf_charcount.o
         6          0          0          0          0          0   _printf_d.o
       120         16          0          0          0         92   _printf_dec.o
         6          0          0          0          0          0   _printf_e.o
         6          0          0          0          0          0   _printf_f.o
      1054          0          0          0          0        216   _printf_fp_dec.o
       764          8         38          0          0        100   _printf_fp_hex.o
       128         16          0          0          0         84   _printf_fp_infnan.o
         6          0          0          0          0          0   _printf_g.o
       148          4         40          0          0        160   _printf_hex_int_ll_ptr.o
         6          0          0          0          0          0   _printf_i.o
       178          0          0          0          0         88   _printf_intcommon.o
        10          0          0          0          0          0   _printf_l.o
         6          0          0          0          0          0   _printf_lc.o
        10          0          0          0          0          0   _printf_ll.o
         6          0          0          0          0          0   _printf_lld.o
         6          0          0          0          0          0   _printf_lli.o
         6          0          0          0          0          0   _printf_llo.o
         6          0          0          0          0          0   _printf_llu.o
         6          0          0          0          0          0   _printf_llx.o
       124         16          0          0          0         92   _printf_longlong_dec.o
         6          0          0          0          0          0   _printf_ls.o
         6          0          0          0          0          0   _printf_n.o
         6          0          0          0          0          0   _printf_o.o
       112         10          0          0          0        124   _printf_oct_int_ll.o
         6          0          0          0          0          0   _printf_p.o
        78          0          0          0          0        108   _printf_pad.o
         0          0          0          0          0          0   _printf_percent.o
         4          0          0          0          0          0   _printf_percent_end.o
         6          0          0          0          0          0   _printf_s.o
        82          0          0          0          0         80   _printf_str.o
        36          0          0          0          0         84   _printf_truncate.o
         6          0          0          0          0          0   _printf_u.o
        44          0          0          0          0        108   _printf_wchar.o
       188          6          8          0          0         92   _printf_wctomb.o
         6          0          0          0          0          0   _printf_x.o
        16          0          0          0          0         68   _snputc.o
        10          0          0          0          0         68   _sputc.o
       158          0          0          0          0         92   _strtoul.o
        64          0          0          0          0         92   _wcrtomb.o
       228          4        148          0          0         96   bigflt0.o
      1936        128          0          0          0        672   btod.o
        18          0          0          0          0         80   exit.o
         6          0          0          0          0        152   heapauxi.o
         0          0          0          0          0          0   indicate_semi.o
        44         10        272          0          0         76   lc_ctype_c.o
        44         10         28          0          0         76   lc_numeric_c.o
         2          0          0          0          0          0   libinit.o
        30          0          0          0          0          0   libinit2.o
         2          0          0          0          0          0   libshutdown.o
         2          0          0          0          0          0   libshutdown2.o
         8          4          0          0         96         68   libspace.o
       138          0          0          0          0         80   lludiv10.o
        16          4          0          0          0         76   rt_ctype_table.o
         8          4          0          0          0         68   rt_errno_addr_intlibspace.o
         8          4          0          0          0         68   rt_locale_intlibspace.o
        78          0          0          0          0         80   rt_memclr_w.o
         2          0          0          0          0          0   rtexit.o
        10          0          0          0          0          0   rtexit2.o
       128          0          0          0          0         68   strcmpv7m.o
        62          0          0          0          0         76   strlen.o
       112          0          0          0          0         88   strtol.o
        12          4          0          0          0         68   sys_exit.o
        74          0          0          0          0         80   sys_stackheap_outer.o
         2          0          0          0          0         68   use_no_semi.o
        52          4          0          0          0         80   vsnprintf.o
        98          4          0          0          0         92   d2f.o
       688        140          0          0          0        208   ddiv.o
        46          0          0          0          0         68   dflt_clz.o
       156          4          0          0          0         92   dnaninf.o
        12          0          0          0          0         68   dretinf.o
        24          0          0          0          0         68   fcmpi.o
        38          0          0          0          0         68   fflt_clz.o
       104          4          0          0          0         84   fleqf.o
       258          4          0          0          0         84   fmul.o
       140          4          0          0          0         84   fnaninf.o
        10          0          0          0          0         68   fretinf.o
        98          0          0          0          0         68   frleqf.o
         4          0          0          0          0         68   printf1.o
         4          0          0          0          0         68   printf2.o
         0          0          0          0          0          0   usenofp.o
        40          0          0          0          0         68   fpclassify.o

    ----------------------------------------------------------------------
      8954        436        556          0         96       5776   Library Totals
        22          0          5          0          0          0   (incl. Padding)

    ----------------------------------------------------------------------

      Code (inc. data)   RO Data    RW Data    ZI Data      Debug   Library Name

      7212        276        551          0         96       4520   c_w.l
      1680        160          0          0          0       1188   fz_ws.l
        40          0          0          0          0         68   m_ws.l

    ----------------------------------------------------------------------
      8954        436        556          0         96       5776   Library Totals

    ----------------------------------------------------------------------

==============================================================================


      Code (inc. data)   RO Data    RW Data    ZI Data      Debug   

     20950       1404        934         60       2644     602040   Grand Totals
     20950       1404        934         60       2644     602040   ELF Image Totals
     20950       1404        934         60          0          0   ROM Totals

==============================================================================

    Total RO  Size (Code + RO Data)                21884 (  21.37kB)
    Total RW  Size (RW Data + ZI Data)              2704 (   2.64kB)
    Total ROM Size (Code + RO Data + RW Data)      21944 (  21.43kB)

==============================================================================

